 talib

 Timestamp is 5d7a9625 (Thu Sep 12 21:01:57 2019)

 Preferred load address is 0000000180000000

 Start         Length     Name                   Class
 0001:00000000 00069ce0H .text$mn                CODE
 0001:00069ce0 00000020H .text$mn$00             CODE
 0001:00069d00 00000250H .text$x                 CODE
 0002:00000000 00000258H .idata$5                DATA
 0002:00000258 00000010H .00cfg                  DATA
 0002:00000268 00000008H .CRT$XCA                DATA
 0002:00000270 00000008H .CRT$XCU                DATA
 0002:00000278 00000008H .CRT$XCZ                DATA
 0002:00000280 00000008H .CRT$XIA                DATA
 0002:00000288 00000018H .CRT$XIC                DATA
 0002:000002a0 00000008H .CRT$XIZ                DATA
 0002:000002a8 00000008H .CRT$XPA                DATA
 0002:000002b0 00000010H .CRT$XPX                DATA
 0002:000002c0 00000008H .CRT$XPXA               DATA
 0002:000002c8 00000008H .CRT$XPZ                DATA
 0002:000002d0 00000008H .CRT$XTA                DATA
 0002:000002d8 00000008H .CRT$XTZ                DATA
 0002:000002e0 00000000H .gfids$y                DATA
 0002:000002e0 00012e40H .rdata                  DATA
 0002:00013120 000002fcH .rdata$r                DATA
 0002:0001341c 000003d4H .rdata$zzzdbg           DATA
 0002:000137f0 00000008H .rtc$IAA                DATA
 0002:000137f8 00000008H .rtc$IZZ                DATA
 0002:00013800 00000008H .rtc$TAA                DATA
 0002:00013808 00000008H .rtc$TZZ                DATA
 0002:00013810 00007ba0H .xdata                  DATA
 0002:0001b3b0 0000017cH .xdata$x                DATA
 0002:0001b52c 00000020H .didat$2                DATA
 0002:0001b54c 00000024H .didat$3                DATA
 0002:0001b570 000001c0H .didat$4                DATA
 0002:0001b730 00001010H .didat$6                DATA
 0002:0001c740 000001c0H .didat$7                DATA
 0002:0001c900 00000074H .edata                  DATA
 0002:0001c974 00000014H .idata$2                DATA
 0002:0001c988 00000018H .idata$3                DATA
 0002:0001c9a0 00000258H .idata$4                DATA
 0002:0001cbf8 00000574H .idata$6                DATA
 0003:00000000 000057c0H .data                   DATA
 0003:000057c0 000000f0H .data$r                 DATA
 0003:000058b0 000001c0H .didat$5                DATA
 0003:00005a70 000016f0H .bss                    DATA
 0004:00000000 000058c8H .pdata                  DATA
 0005:00000000 00000060H .rsrc$01                DATA
 0005:00000060 00000180H .rsrc$02                DATA

  Address         Publics by Value              Rva+Base               Lib:Object

 0000:00000000       __guard_longjmp_count      0000000000000000     <absolute>
 0000:00000000       __guard_fids_count         0000000000000000     <absolute>
 0000:00000000       __guard_iat_table          0000000000000000     <absolute>
 0000:00000000       __hybrid_code_map_count    0000000000000000     <absolute>
 0000:00000000       __hybrid_code_map          0000000000000000     <absolute>
 0000:00000000       __guard_iat_count          0000000000000000     <absolute>
 0000:00000000       __guard_longjmp_table      0000000000000000     <absolute>
 0000:00000000       __volatile_metadata        0000000000000000     <absolute>
 0000:00000000       __enclave_config           0000000000000000     <absolute>
 0000:00000000       ___safe_se_handler_table   0000000000000000     <absolute>
 0000:00000000       ___safe_se_handler_count   0000000000000000     <absolute>
 0000:00000000       __guard_fids_table         0000000000000000     <absolute>
 0000:00000000       __hybrid_auxiliary_iat     0000000000000000     <absolute>
 0000:00000000       __dynamic_value_reloc_table 0000000000000000     <absolute>
 0000:00000100       __guard_flags              0000000000000100     <absolute>
 0000:00000000       __ImageBase                0000000180000000     <linker-defined>
 0001:000001d0       ?Get@Nan@@YA?AV?$MaybeLocal@VValue@v8@@@v8@@V?$Local@VObject@v8@@@3@V?$Local@VValue@v8@@@3@@Z 00000001800011d0 f i talib.obj
 0001:00000250       ?HasOwnProperty@Nan@@YA?AV?$Maybe@_N@1@V?$Local@VObject@v8@@@v8@@V?$Local@VString@v8@@@4@@Z 0000000180001250 f i talib.obj
 0001:000002e0       ??0AsyncResource@Nan@@QEAA@PEBDV?$Local@VObject@v8@@@v8@@@Z 00000001800012e0 f i talib.obj
 0001:000003a0       ?ThrowTypeError@Nan@@YAXPEBD@Z 00000001800013a0 f i talib.obj
 0001:00000430       ??0Utf8String@Nan@@QEAA@V?$Local@VValue@v8@@@v8@@@Z 0000000180001430 f i talib.obj
 0001:00000560       ?Call@Callback@Nan@@QEBA?AV?$Local@VValue@v8@@@v8@@HQEAV34@@Z 0000000180001560 f i talib.obj
 0001:00000780       ?Call_@Callback@Nan@@AEBA?AV?$MaybeLocal@VValue@v8@@@v8@@PEAVIsolate@4@V?$Local@VObject@v8@@@4@HQEAV?$Local@VValue@v8@@@4@PEAVAsyncResource@2@@Z 0000000180001780 f i talib.obj
 0001:00000870       ??1AsyncWorker@Nan@@UEAA@XZ 0000000180001870 f i talib.obj
 0001:00000940       ?WorkComplete@AsyncWorker@Nan@@UEAAXXZ 0000000180001940 f i talib.obj
 0001:000009d0       ?Destroy@AsyncWorker@Nan@@UEAAXXZ 00000001800019d0 f i talib.obj
 0001:000009f0       ?HandleOKCallback@AsyncWorker@Nan@@MEAAXXZ 00000001800019f0 f i talib.obj
 0001:00000a90       ?HandleErrorCallback@AsyncWorker@Nan@@MEAAXXZ 0000000180001a90 f i talib.obj
 0001:00000b90       ??_GAsyncWorker@Nan@@UEAAPEAXI@Z 0000000180001b90 f i talib.obj
 0001:00000b90       ??_EAsyncWorker@Nan@@UEAAPEAXI@Z 0000000180001b90 f i * CIL library *:* CIL module *
 0001:00000bd0       ?AsyncExecute@Nan@@YAXPEAUuv_work_s@@@Z 0000000180001bd0 f i talib.obj
 0001:00000be0       ?AsyncExecuteComplete@Nan@@YAXPEAUuv_work_s@@@Z 0000000180001be0 f i talib.obj
 0001:00000c10       ?SetAccessor@Nan@@YA_NV?$Local@VObject@v8@@@v8@@V?$Local@VString@v8@@@3@P6AX1AEBV?$PropertyCallbackInfo@VValue@v8@@@1@@ZP6AX1V?$Local@VValue@v8@@@3@AEBV?$PropertyCallbackInfo@X@1@@Z4W4AccessControl@3@W4PropertyAttribute@3@@Z 0000000180001c10 f i talib.obj
 0001:00003830       ?Functions@@YAXV?$Local@VString@v8@@@v8@@AEBV?$PropertyCallbackInfo@VValue@v8@@@Nan@@@Z 0000000180004830 f   talib.obj
 0001:00003a00       ?Explain@@YAXAEBV?$FunctionCallbackInfo@VValue@v8@@@Nan@@@Z 0000000180004a00 f   talib.obj
 0001:00003b30       ?FunctionUnstIds@@YAXV?$Local@VString@v8@@@v8@@AEBV?$PropertyCallbackInfo@VValue@v8@@@Nan@@@Z 0000000180004b30 f   talib.obj
 0001:00005470       ?SetUnstablePeriod@@YAXAEBV?$FunctionCallbackInfo@VValue@v8@@@Nan@@@Z 0000000180006470 f   talib.obj
 0001:000055e0       ?Execute@ExecuteWorker@@UEAAXXZ 00000001800065e0 f i talib.obj
 0001:00005620       ?HandleOKCallback@ExecuteWorker@@UEAAXXZ 0000000180006620 f i talib.obj
 0001:000056a0       ??_GExecuteWorker@@UEAAPEAXI@Z 00000001800066a0 f i talib.obj
 0001:000056a0       ??_EExecuteWorker@@UEAAPEAXI@Z 00000001800066a0 f i * CIL library *:* CIL module *
 0001:000057f0       ?Execute@@YAXAEBV?$FunctionCallbackInfo@VValue@v8@@@Nan@@@Z 00000001800067f0 f   talib.obj
 0001:00007300       ?Init@@YAXV?$Local@VObject@v8@@@v8@@V?$Local@VContext@v8@@@2@@Z 0000000180008300 f   talib.obj
 0001:00007760       node_register_module_v64   0000000180008760 f   talib.obj
 0001:00007770       ??0?$basic_string@DU?$char_traits@D@std@@V?$allocator@D@2@@std@@QEAA@QEBD@Z 0000000180008770 f i talib.obj
 0001:000078e0       ??$New@VFunctionTemplate@v8@@@Nan@@YA?AV?$Local@VFunctionTemplate@v8@@@v8@@P6AXAEBV?$FunctionCallbackInfo@VValue@v8@@@0@@ZV?$Local@VValue@v8@@@2@@Z 00000001800088e0 f i talib.obj
 0001:00007aa0       ??$?HDU?$char_traits@D@std@@V?$allocator@D@1@@std@@YA?AV?$basic_string@DU?$char_traits@D@std@@V?$allocator@D@2@@0@$$QEAV10@0@Z 0000000180008aa0 f i talib.obj
 0001:00007c50       ??$_Reallocate_grow_by@V<lambda_65e615be2a453ca0576c979606f46740>@@PEBD_K@?$basic_string@DU?$char_traits@D@std@@V?$allocator@D@2@@std@@QEAAAEAV01@_KV<lambda_65e615be2a453ca0576c979606f46740>@@PEBD_K@Z 0000000180008c50 f i talib.obj
 0001:00007dd0       ?_Xlen@?$basic_string@DU?$char_traits@D@std@@V?$allocator@D@2@@std@@SAXXZ 0000000180008dd0 f i talib.obj
 0001:00007df0       ??$_Reallocate_grow_by@V<lambda_f3a66ab6a0570788f31503db83886f49>@@_KPEBD_K@?$basic_string@DU?$char_traits@D@std@@V?$allocator@D@2@@std@@QEAAAEAV01@_KV<lambda_f3a66ab6a0570788f31503db83886f49>@@_KPEBD2@Z 0000000180008df0 f i talib.obj
 0001:00007f9c       __imp_load_uv_queue_work   0000000180008f9c f   node:node.exe
 0001:00007fa8       __tailMerge_node_exe       0000000180008fa8     node:node.exe
 0001:00008021       __imp_load_?Global@Context@v8@@QEAA?AV?$Local@VObject@v8@@@2@XZ 0000000180009021 f   node:node.exe
 0001:0000802d       __imp_load_?Value@External@v8@@QEBAPEAXXZ 000000018000902d f   node:node.exe
 0001:00008039       __imp_load_?New@External@v8@@SA?AV?$Local@VExternal@v8@@@2@PEAVIsolate@2@PEAX@Z 0000000180009039 f   node:node.exe
 0001:00008045       __imp_load_?New@Integer@v8@@SA?AV?$Local@VInteger@v8@@@2@PEAVIsolate@2@H@Z 0000000180009045 f   node:node.exe
 0001:00008051       __imp_load_?ThrowException@Isolate@v8@@QEAA?AV?$Local@VValue@v8@@@2@V32@@Z 0000000180009051 f   node:node.exe
 0001:0000805d       __imp_load_?GetCurrentContext@Isolate@v8@@QEAA?AV?$Local@VContext@v8@@@2@XZ 000000018000905d f   node:node.exe
 0001:00008069       __imp_load_?GetCurrent@Isolate@v8@@SAPEAV12@XZ 0000000180009069 f   node:node.exe
 0001:00008075       __imp_load_?CreateHandle@HandleScope@v8@@KAPEAPEAVObject@internal@2@PEAVIsolate@42@PEAV342@@Z 0000000180009075 f   node:node.exe
 0001:00008081       __imp_load_?CreateHandle@HandleScope@v8@@CAPEAPEAVObject@internal@2@PEAVHeapObject@42@PEAV342@@Z 0000000180009081 f   node:node.exe
 0001:0000808d       __imp_load_??1HandleScope@v8@@QEAA@XZ 000000018000908d f   node:node.exe
 0001:00008099       __imp_load_??0HandleScope@v8@@QEAA@PEAVIsolate@1@@Z 0000000180009099 f   node:node.exe
 0001:000080a5       __imp_load_?Error@Exception@v8@@SA?AV?$Local@VValue@v8@@@2@V?$Local@VString@v8@@@2@@Z 00000001800090a5 f   node:node.exe
 0001:000080b1       __imp_load_?TypeError@Exception@v8@@SA?AV?$Local@VValue@v8@@@2@V?$Local@VString@v8@@@2@@Z 00000001800090b1 f   node:node.exe
 0001:000080bd       __imp_load_?New@Array@v8@@SA?AV?$Local@VArray@v8@@@2@PEAVIsolate@2@H@Z 00000001800090bd f   node:node.exe
 0001:000080c9       __imp_load_?Length@Array@v8@@QEBAIXZ 00000001800090c9 f   node:node.exe
 0001:000080d5       __imp_load_?GetFunction@FunctionTemplate@v8@@QEAA?AV?$MaybeLocal@VFunction@v8@@@2@V?$Local@VContext@v8@@@2@@Z 00000001800090d5 f   node:node.exe
 0001:000080e1       __imp_load_?New@FunctionTemplate@v8@@SA?AV?$Local@VFunctionTemplate@v8@@@2@PEAVIsolate@2@P6AXAEBV?$FunctionCallbackInfo@VValue@v8@@@2@@ZV?$Local@VValue@v8@@@2@V?$Local@VSignature@v8@@@2@HW4ConstructorBehavior@2@W4SideEffectType@2@@Z 00000001800090e1 f   node:node.exe
 0001:000080ed       __imp_load_?ToLocalEmpty@V8@v8@@CAXXZ 00000001800090ed f   node:node.exe
 0001:000080f9       __imp_load_?FromJustIsNothing@V8@v8@@CAXXZ 00000001800090f9 f   node:node.exe
 0001:00008105       __imp_load_?DisposeGlobal@V8@v8@@CAXPEAPEAVObject@internal@2@@Z 0000000180009105 f   node:node.exe
 0001:00008111       __imp_load_?GlobalizeReference@V8@v8@@CAPEAPEAVObject@internal@2@PEAVIsolate@42@PEAPEAV342@@Z 0000000180009111 f   node:node.exe
 0001:0000811d       __imp_load_?Int32Value@Value@v8@@QEBA?AV?$Maybe@H@2@V?$Local@VContext@v8@@@2@@Z 000000018000911d f   node:node.exe
 0001:00008129       __imp_load_?Uint32Value@Value@v8@@QEBA?AV?$Maybe@I@2@V?$Local@VContext@v8@@@2@@Z 0000000180009129 f   node:node.exe
 0001:00008135       __imp_load_?IntegerValue@Value@v8@@QEBA?AV?$Maybe@_J@2@V?$Local@VContext@v8@@@2@@Z 0000000180009135 f   node:node.exe
 0001:00008141       __imp_load_?NumberValue@Value@v8@@QEBA?AV?$Maybe@N@2@V?$Local@VContext@v8@@@2@@Z 0000000180009141 f   node:node.exe
 0001:0000814d       __imp_load_?ToInt32@Value@v8@@QEBA?AV?$MaybeLocal@VInt32@v8@@@2@V?$Local@VContext@v8@@@2@@Z 000000018000914d f   node:node.exe
 0001:00008159       __imp_load_?ToObject@Value@v8@@QEBA?AV?$MaybeLocal@VObject@v8@@@2@V?$Local@VContext@v8@@@2@@Z 0000000180009159 f   node:node.exe
 0001:00008165       __imp_load_?ToString@Value@v8@@QEBA?AV?$MaybeLocal@VString@v8@@@2@V?$Local@VContext@v8@@@2@@Z 0000000180009165 f   node:node.exe
 0001:00008171       __imp_load_?IsNumber@Value@v8@@QEBA_NXZ 0000000180009171 f   node:node.exe
 0001:0000817d       __imp_load_?IsObject@Value@v8@@QEBA_NXZ 000000018000917d f   node:node.exe
 0001:00008189       __imp_load_?IsFunction@Value@v8@@QEBA_NXZ 0000000180009189 f   node:node.exe
 0001:00008195       __imp_load_?Escape@EscapableHandleScope@v8@@AEAAPEAPEAVObject@internal@2@PEAPEAV342@@Z 0000000180009195 f   node:node.exe
 0001:000081a1       __imp_load_??0EscapableHandleScope@v8@@QEAA@PEAVIsolate@1@@Z 00000001800091a1 f   node:node.exe
 0001:000081ad       __imp_load_?NewFromUtf8@String@v8@@SA?AV?$MaybeLocal@VString@v8@@@2@PEAVIsolate@2@PEBDW4NewStringType@2@H@Z 00000001800091ad f   node:node.exe
 0001:000081b9       __imp_load_?WriteUtf8@String@v8@@QEBAHPEADHPEAHH@Z 00000001800091b9 f   node:node.exe
 0001:000081c5       __imp_load_?Length@String@v8@@QEBAHXZ 00000001800091c5 f   node:node.exe
 0001:000081d1       __imp_load_?New@Number@v8@@SA?AV?$Local@VNumber@v8@@@2@PEAVIsolate@2@N@Z 00000001800091d1 f   node:node.exe
 0001:000081dd       __imp_load_?SlowGetInternalField@Object@v8@@AEAA?AV?$Local@VValue@v8@@@2@H@Z 00000001800091dd f   node:node.exe
 0001:000081e9       __imp_load_?New@Object@v8@@SA?AV?$Local@VObject@v8@@@2@PEAVIsolate@2@@Z 00000001800091e9 f   node:node.exe
 0001:000081f5       __imp_load_?HasOwnProperty@Object@v8@@QEAA?AV?$Maybe@_N@2@V?$Local@VContext@v8@@@2@V?$Local@VName@v8@@@2@@Z 00000001800091f5 f   node:node.exe
 0001:00008201       __imp_load_?SetInternalField@Object@v8@@QEAAXHV?$Local@VValue@v8@@@2@@Z 0000000180009201 f   node:node.exe
 0001:0000820d       __imp_load_?SetAccessor@Object@v8@@QEAA?AV?$Maybe@_N@2@V?$Local@VContext@v8@@@2@V?$Local@VName@v8@@@2@P6AX1AEBV?$PropertyCallbackInfo@VValue@v8@@@2@@ZP6AX1V?$Local@VValue@v8@@@2@AEBV?$PropertyCallbackInfo@X@2@@ZV?$MaybeLocal@VValue@v8@@@2@W4AccessControl@2@W4PropertyAttribute@2@W4SideEffectType@2@@Z 000000018000920d f   node:node.exe
 0001:00008219       __imp_load_?Get@Object@v8@@QEAA?AV?$MaybeLocal@VValue@v8@@@2@V?$Local@VContext@v8@@@2@V?$Local@VValue@v8@@@2@@Z 0000000180009219 f   node:node.exe
 0001:00008225       __imp_load_?Get@Object@v8@@QEAA?AV?$MaybeLocal@VValue@v8@@@2@V?$Local@VContext@v8@@@2@I@Z 0000000180009225 f   node:node.exe
 0001:00008231       __imp_load_?Set@Object@v8@@QEAA?AV?$Maybe@_N@2@V?$Local@VContext@v8@@@2@V?$Local@VValue@v8@@@2@1@Z 0000000180009231 f   node:node.exe
 0001:0000823d       __imp_load_?Set@Object@v8@@QEAA?AV?$Maybe@_N@2@V?$Local@VContext@v8@@@2@IV?$Local@VValue@v8@@@2@@Z 000000018000923d f   node:node.exe
 0001:00008249       __imp_load_?SetInternalFieldCount@ObjectTemplate@v8@@QEAAXH@Z 0000000180009249 f   node:node.exe
 0001:00008255       __imp_load_?NewInstance@ObjectTemplate@v8@@QEAA?AV?$MaybeLocal@VObject@v8@@@2@V?$Local@VContext@v8@@@2@@Z 0000000180009255 f   node:node.exe
 0001:00008261       __imp_load_?New@ObjectTemplate@v8@@SA?AV?$Local@VObjectTemplate@v8@@@2@PEAVIsolate@2@V?$Local@VFunctionTemplate@v8@@@2@@Z 0000000180009261 f   node:node.exe
 0001:0000826d       __imp_load_?EmitAsyncDestroy@node@@YAXPEAVIsolate@v8@@Uasync_context@1@@Z 000000018000926d f   node:node.exe
 0001:00008279       __imp_load_node_module_register 0000000180009279 f   node:node.exe
 0001:00008285       __imp_load_?MakeCallback@node@@YA?AV?$MaybeLocal@VValue@v8@@@v8@@PEAVIsolate@3@V?$Local@VObject@v8@@@3@V?$Local@VFunction@v8@@@3@HPEAV?$Local@VValue@v8@@@3@Uasync_context@1@@Z 0000000180009285 f   node:node.exe
 0001:00008291       __imp_load_?EmitAsyncInit@node@@YA?AUasync_context@1@PEAVIsolate@v8@@V?$Local@VObject@v8@@@4@V?$Local@VString@v8@@@4@N@Z 0000000180009291 f   node:node.exe
 0001:0000829d       __imp_load_?GetCurrentEventLoop@node@@YAPEAUuv_loop_s@@PEAVIsolate@v8@@@Z 000000018000929d f   node:node.exe
 0001:000082b0       TA_CallFunc                00000001800092b0 f   ta_libc_csr:ta_abstract.obj
 0001:00008330       TA_FuncTableAlloc          0000000180009330 f   ta_libc_csr:ta_abstract.obj
 0001:00008460       TA_FuncTableFree           0000000180009460 f   ta_libc_csr:ta_abstract.obj
 0001:000084c0       TA_GetFuncHandle           00000001800094c0 f   ta_libc_csr:ta_abstract.obj
 0001:000085e0       TA_GetFuncInfo             00000001800095e0 f   ta_libc_csr:ta_abstract.obj
 0001:00008620       TA_GetInputParameterInfo   0000000180009620 f   ta_libc_csr:ta_abstract.obj
 0001:00008680       TA_GetOptInputParameterInfo 0000000180009680 f   ta_libc_csr:ta_abstract.obj
 0001:000086e0       TA_GetOutputParameterInfo  00000001800096e0 f   ta_libc_csr:ta_abstract.obj
 0001:00008740       TA_GroupTableAlloc         0000000180009740 f   ta_libc_csr:ta_abstract.obj
 0001:000087b0       TA_GroupTableFree          00000001800097b0 f   ta_libc_csr:ta_abstract.obj
 0001:000087f0       TA_ParamHolderAlloc        00000001800097f0 f   ta_libc_csr:ta_abstract.obj
 0001:00008a60       TA_ParamHolderFree         0000000180009a60 f   ta_libc_csr:ta_abstract.obj
 0001:00008ae0       TA_SetInputParamIntegerPtr 0000000180009ae0 f   ta_libc_csr:ta_abstract.obj
 0001:00008b50       TA_SetInputParamPricePtr   0000000180009b50 f   ta_libc_csr:ta_abstract.obj
 0001:00008c80       TA_SetInputParamRealPtr    0000000180009c80 f   ta_libc_csr:ta_abstract.obj
 0001:00008cf0       TA_SetOptInputParamInteger 0000000180009cf0 f   ta_libc_csr:ta_abstract.obj
 0001:00008d50       TA_SetOptInputParamReal    0000000180009d50 f   ta_libc_csr:ta_abstract.obj
 0001:00008db0       TA_SetOutputParamIntegerPtr 0000000180009db0 f   ta_libc_csr:ta_abstract.obj
 0001:00008e20       TA_SetOutputParamRealPtr   0000000180009e20 f   ta_libc_csr:ta_abstract.obj
 0001:00008f50       TA_SetUnstablePeriod       0000000180009f50 f   ta_libc_csr:ta_utility.obj
 0001:00008f90       TA_Initialize              0000000180009f90 f   ta_libc_csr:ta_global.obj
 0001:00008fd0       TA_RestoreCandleDefaultSettings 0000000180009fd0 f   ta_libc_csr:ta_global.obj
 0001:000091c0       TA_SetRetCodeInfo          000000018000a1c0 f   ta_libc_csr:ta_retcode.obj
 0001:00009220       TA_ACCBANDS_FramePP        000000018000a220 f   ta_libc_csr:ta_frame.obj
 0001:000092a0       TA_ACCBANDS_FramePPLB      000000018000a2a0 f   ta_libc_csr:ta_frame.obj
 0001:000092b0       TA_ACOS_FramePP            000000018000a2b0 f   ta_libc_csr:ta_frame.obj
 0001:000092f0       TA_COSH_FramePPLB          000000018000a2f0 f   ta_libc_csr:ta_frame.obj
 0001:000092f0       TA_OBV_FramePPLB           000000018000a2f0 f   ta_libc_csr:ta_frame.obj
 0001:000092f0       TA_ADD_FramePPLB           000000018000a2f0 f   ta_libc_csr:ta_frame.obj
 0001:000092f0       TA_SINH_FramePPLB          000000018000a2f0 f   ta_libc_csr:ta_frame.obj
 0001:000092f0       TA_TANH_FramePPLB          000000018000a2f0 f   ta_libc_csr:ta_frame.obj
 0001:000092f0       TA_SIN_FramePPLB           000000018000a2f0 f   ta_libc_csr:ta_frame.obj
 0001:000092f0       TA_DIV_FramePPLB           000000018000a2f0 f   ta_libc_csr:ta_frame.obj
 0001:000092f0       TA_FLOOR_FramePPLB         000000018000a2f0 f   ta_libc_csr:ta_frame.obj
 0001:000092f0       TA_MEDPRICE_FramePPLB      000000018000a2f0 f   ta_libc_csr:ta_frame.obj
 0001:000092f0       TA_TAN_FramePPLB           000000018000a2f0 f   ta_libc_csr:ta_frame.obj
 0001:000092f0       TA_AVGPRICE_FramePPLB      000000018000a2f0 f   ta_libc_csr:ta_frame.obj
 0001:000092f0       TA_AD_FramePPLB            000000018000a2f0 f   ta_libc_csr:ta_frame.obj
 0001:000092f0       TA_CEIL_FramePPLB          000000018000a2f0 f   ta_libc_csr:ta_frame.obj
 0001:000092f0       TA_LN_FramePPLB            000000018000a2f0 f   ta_libc_csr:ta_frame.obj
 0001:000092f0       TA_TYPPRICE_FramePPLB      000000018000a2f0 f   ta_libc_csr:ta_frame.obj
 0001:000092f0       TA_ACOS_FramePPLB          000000018000a2f0 f   ta_libc_csr:ta_frame.obj
 0001:000092f0       TA_ASIN_FramePPLB          000000018000a2f0 f   ta_libc_csr:ta_frame.obj
 0001:000092f0       TA_LOG10_FramePPLB         000000018000a2f0 f   ta_libc_csr:ta_frame.obj
 0001:000092f0       TA_EXP_FramePPLB           000000018000a2f0 f   ta_libc_csr:ta_frame.obj
 0001:000092f0       TA_COS_FramePPLB           000000018000a2f0 f   ta_libc_csr:ta_frame.obj
 0001:000092f0       TA_SUB_FramePPLB           000000018000a2f0 f   ta_libc_csr:ta_frame.obj
 0001:000092f0       TA_BOP_FramePPLB           000000018000a2f0 f   ta_libc_csr:ta_frame.obj
 0001:000092f0       TA_SQRT_FramePPLB          000000018000a2f0 f   ta_libc_csr:ta_frame.obj
 0001:000092f0       TA_ATAN_FramePPLB          000000018000a2f0 f   ta_libc_csr:ta_frame.obj
 0001:000092f0       TA_WCLPRICE_FramePPLB      000000018000a2f0 f   ta_libc_csr:ta_frame.obj
 0001:000092f0       TA_MULT_FramePPLB          000000018000a2f0 f   ta_libc_csr:ta_frame.obj
 0001:00009300       TA_ADD_FramePP             000000018000a300 f   ta_libc_csr:ta_frame.obj
 0001:00009340       TA_ADOSC_FramePP           000000018000a340 f   ta_libc_csr:ta_frame.obj
 0001:000093b0       TA_ADOSC_FramePPLB         000000018000a3b0 f   ta_libc_csr:ta_frame.obj
 0001:000093c0       TA_ADXR_FramePP            000000018000a3c0 f   ta_libc_csr:ta_frame.obj
 0001:00009420       TA_ADXR_FramePPLB          000000018000a420 f   ta_libc_csr:ta_frame.obj
 0001:00009430       TA_ADX_FramePP             000000018000a430 f   ta_libc_csr:ta_frame.obj
 0001:00009490       TA_ADX_FramePPLB           000000018000a490 f   ta_libc_csr:ta_frame.obj
 0001:000094a0       TA_AD_FramePP              000000018000a4a0 f   ta_libc_csr:ta_frame.obj
 0001:00009500       TA_APO_FramePP             000000018000a500 f   ta_libc_csr:ta_frame.obj
 0001:00009560       TA_PPO_FramePPLB           000000018000a560 f   ta_libc_csr:ta_frame.obj
 0001:00009560       TA_APO_FramePPLB           000000018000a560 f   ta_libc_csr:ta_frame.obj
 0001:00009580       TA_AROONOSC_FramePP        000000018000a580 f   ta_libc_csr:ta_frame.obj
 0001:000095d0       TA_AROON_FramePPLB         000000018000a5d0 f   ta_libc_csr:ta_frame.obj
 0001:000095d0       TA_AROONOSC_FramePPLB      000000018000a5d0 f   ta_libc_csr:ta_frame.obj
 0001:000095e0       TA_AROON_FramePP           000000018000a5e0 f   ta_libc_csr:ta_frame.obj
 0001:00009650       TA_ASIN_FramePP            000000018000a650 f   ta_libc_csr:ta_frame.obj
 0001:00009690       TA_ATAN_FramePP            000000018000a690 f   ta_libc_csr:ta_frame.obj
 0001:000096d0       TA_ATR_FramePP             000000018000a6d0 f   ta_libc_csr:ta_frame.obj
 0001:00009730       TA_ATR_FramePPLB           000000018000a730 f   ta_libc_csr:ta_frame.obj
 0001:00009740       TA_AVGDEV_FramePP          000000018000a740 f   ta_libc_csr:ta_frame.obj
 0001:00009790       TA_LINEARREG_ANGLE_FramePPLB 000000018000a790 f   ta_libc_csr:ta_frame.obj
 0001:00009790       TA_LINEARREG_FramePPLB     000000018000a790 f   ta_libc_csr:ta_frame.obj
 0001:00009790       TA_WILLR_FramePPLB         000000018000a790 f   ta_libc_csr:ta_frame.obj
 0001:00009790       TA_MIDPRICE_FramePPLB      000000018000a790 f   ta_libc_csr:ta_frame.obj
 0001:00009790       TA_MIDPOINT_FramePPLB      000000018000a790 f   ta_libc_csr:ta_frame.obj
 0001:00009790       TA_TSF_FramePPLB           000000018000a790 f   ta_libc_csr:ta_frame.obj
 0001:00009790       TA_AVGDEV_FramePPLB        000000018000a790 f   ta_libc_csr:ta_frame.obj
 0001:00009790       TA_LINEARREG_SLOPE_FramePPLB 000000018000a790 f   ta_libc_csr:ta_frame.obj
 0001:00009790       TA_CCI_FramePPLB           000000018000a790 f   ta_libc_csr:ta_frame.obj
 0001:00009790       TA_LINEARREG_INTERCEPT_FramePPLB 000000018000a790 f   ta_libc_csr:ta_frame.obj
 0001:000097a0       TA_AVGPRICE_FramePP        000000018000a7a0 f   ta_libc_csr:ta_frame.obj
 0001:00009800       TA_BBANDS_FramePP          000000018000a800 f   ta_libc_csr:ta_frame.obj
 0001:00009890       TA_BBANDS_FramePPLB        000000018000a890 f   ta_libc_csr:ta_frame.obj
 0001:000098b0       TA_BETA_FramePP            000000018000a8b0 f   ta_libc_csr:ta_frame.obj
 0001:00009900       TA_BETA_FramePPLB          000000018000a900 f   ta_libc_csr:ta_frame.obj
 0001:00009910       TA_BOP_FramePP             000000018000a910 f   ta_libc_csr:ta_frame.obj
 0001:00009970       TA_CCI_FramePP             000000018000a970 f   ta_libc_csr:ta_frame.obj
 0001:000099d0       TA_CDL2CROWS_FramePP       000000018000a9d0 f   ta_libc_csr:ta_frame.obj
 0001:00009a30       TA_CDL2CROWS_FramePPLB     000000018000aa30 f   ta_libc_csr:ta_frame.obj
 0001:00009a40       TA_CDL3BLACKCROWS_FramePP  000000018000aa40 f   ta_libc_csr:ta_frame.obj
 0001:00009aa0       TA_CDL3BLACKCROWS_FramePPLB 000000018000aaa0 f   ta_libc_csr:ta_frame.obj
 0001:00009aa0       TA_CDLCONCEALBABYSWALL_FramePPLB 000000018000aaa0 f   ta_libc_csr:ta_frame.obj
 0001:00009ab0       TA_CDL3INSIDE_FramePP      000000018000aab0 f   ta_libc_csr:ta_frame.obj
 0001:00009b10       TA_CDLUNIQUE3RIVER_FramePPLB 000000018000ab10 f   ta_libc_csr:ta_frame.obj
 0001:00009b10       TA_CDLUPSIDEGAP2CROWS_FramePPLB 000000018000ab10 f   ta_libc_csr:ta_frame.obj
 0001:00009b10       TA_CDL3INSIDE_FramePPLB    000000018000ab10 f   ta_libc_csr:ta_frame.obj
 0001:00009b20       TA_CDL3LINESTRIKE_FramePP  000000018000ab20 f   ta_libc_csr:ta_frame.obj
 0001:00009b80       TA_CDL3LINESTRIKE_FramePPLB 000000018000ab80 f   ta_libc_csr:ta_frame.obj
 0001:00009b90       TA_CDL3OUTSIDE_FramePP     000000018000ab90 f   ta_libc_csr:ta_frame.obj
 0001:00009bf0       TA_CDL3OUTSIDE_FramePPLB   000000018000abf0 f   ta_libc_csr:ta_frame.obj
 0001:00009c00       TA_CDL3STARSINSOUTH_FramePP 000000018000ac00 f   ta_libc_csr:ta_frame.obj
 0001:00009c60       TA_CDL3STARSINSOUTH_FramePPLB 000000018000ac60 f   ta_libc_csr:ta_frame.obj
 0001:00009c70       TA_CDL3WHITESOLDIERS_FramePP 000000018000ac70 f   ta_libc_csr:ta_frame.obj
 0001:00009cd0       TA_CDL3WHITESOLDIERS_FramePPLB 000000018000acd0 f   ta_libc_csr:ta_frame.obj
 0001:00009ce0       TA_CDLABANDONEDBABY_FramePP 000000018000ace0 f   ta_libc_csr:ta_frame.obj
 0001:00009d50       TA_CDLABANDONEDBABY_FramePPLB 000000018000ad50 f   ta_libc_csr:ta_frame.obj
 0001:00009d50       TA_CDLEVENINGDOJISTAR_FramePPLB 000000018000ad50 f   ta_libc_csr:ta_frame.obj
 0001:00009d50       TA_CDLMORNINGDOJISTAR_FramePPLB 000000018000ad50 f   ta_libc_csr:ta_frame.obj
 0001:00009d60       TA_CDLADVANCEBLOCK_FramePP 000000018000ad60 f   ta_libc_csr:ta_frame.obj
 0001:00009dc0       TA_CDLADVANCEBLOCK_FramePPLB 000000018000adc0 f   ta_libc_csr:ta_frame.obj
 0001:00009dd0       TA_CDLBELTHOLD_FramePP     000000018000add0 f   ta_libc_csr:ta_frame.obj
 0001:00009e30       TA_CDLMARUBOZU_FramePPLB   000000018000ae30 f   ta_libc_csr:ta_frame.obj
 0001:00009e30       TA_CDLCLOSINGMARUBOZU_FramePPLB 000000018000ae30 f   ta_libc_csr:ta_frame.obj
 0001:00009e30       TA_CDLBELTHOLD_FramePPLB   000000018000ae30 f   ta_libc_csr:ta_frame.obj
 0001:00009e40       TA_CDLBREAKAWAY_FramePP    000000018000ae40 f   ta_libc_csr:ta_frame.obj
 0001:00009ea0       TA_CDLBREAKAWAY_FramePPLB  000000018000aea0 f   ta_libc_csr:ta_frame.obj
 0001:00009eb0       TA_CDLCLOSINGMARUBOZU_FramePP 000000018000aeb0 f   ta_libc_csr:ta_frame.obj
 0001:00009f10       TA_CDLCONCEALBABYSWALL_FramePP 000000018000af10 f   ta_libc_csr:ta_frame.obj
 0001:00009f70       TA_CDLCOUNTERATTACK_FramePP 000000018000af70 f   ta_libc_csr:ta_frame.obj
 0001:00009fd0       TA_CDLTHRUSTING_FramePPLB  000000018000afd0 f   ta_libc_csr:ta_frame.obj
 0001:00009fd0       TA_CDLCOUNTERATTACK_FramePPLB 000000018000afd0 f   ta_libc_csr:ta_frame.obj
 0001:00009fd0       TA_CDLONNECK_FramePPLB     000000018000afd0 f   ta_libc_csr:ta_frame.obj
 0001:00009fd0       TA_CDLINNECK_FramePPLB     000000018000afd0 f   ta_libc_csr:ta_frame.obj
 0001:00009fe0       TA_CDLDARKCLOUDCOVER_FramePP 000000018000afe0 f   ta_libc_csr:ta_frame.obj
 0001:0000a050       TA_CDLDARKCLOUDCOVER_FramePPLB 000000018000b050 f   ta_libc_csr:ta_frame.obj
 0001:0000a060       TA_CDLDOJISTAR_FramePP     000000018000b060 f   ta_libc_csr:ta_frame.obj
 0001:0000a0c0       TA_CDLHARAMICROSS_FramePPLB 000000018000b0c0 f   ta_libc_csr:ta_frame.obj
 0001:0000a0c0       TA_CDLDOJISTAR_FramePPLB   000000018000b0c0 f   ta_libc_csr:ta_frame.obj
 0001:0000a0d0       TA_CDLDOJI_FramePP         000000018000b0d0 f   ta_libc_csr:ta_frame.obj
 0001:0000a130       TA_CDLDOJI_FramePPLB       000000018000b130 f   ta_libc_csr:ta_frame.obj
 0001:0000a140       TA_CDLDRAGONFLYDOJI_FramePP 000000018000b140 f   ta_libc_csr:ta_frame.obj
 0001:0000a1a0       TA_CDLDRAGONFLYDOJI_FramePPLB 000000018000b1a0 f   ta_libc_csr:ta_frame.obj
 0001:0000a1a0       TA_CDLGRAVESTONEDOJI_FramePPLB 000000018000b1a0 f   ta_libc_csr:ta_frame.obj
 0001:0000a1b0       TA_CDLENGULFING_FramePP    000000018000b1b0 f   ta_libc_csr:ta_frame.obj
 0001:0000a210       TA_CDLXSIDEGAP3METHODS_FramePPLB 000000018000b210 f   ta_libc_csr:ta_frame.obj
 0001:0000a210       TA_CDLENGULFING_FramePPLB  000000018000b210 f   ta_libc_csr:ta_frame.obj
 0001:0000a220       TA_CDLEVENINGDOJISTAR_FramePP 000000018000b220 f   ta_libc_csr:ta_frame.obj
 0001:0000a290       TA_CDLEVENINGSTAR_FramePP  000000018000b290 f   ta_libc_csr:ta_frame.obj
 0001:0000a300       TA_CDLMORNINGSTAR_FramePPLB 000000018000b300 f   ta_libc_csr:ta_frame.obj
 0001:0000a300       TA_CDLEVENINGSTAR_FramePPLB 000000018000b300 f   ta_libc_csr:ta_frame.obj
 0001:0000a310       TA_CDLGAPSIDESIDEWHITE_FramePP 000000018000b310 f   ta_libc_csr:ta_frame.obj
 0001:0000a370       TA_CDLGAPSIDESIDEWHITE_FramePPLB 000000018000b370 f   ta_libc_csr:ta_frame.obj
 0001:0000a380       TA_CDLGRAVESTONEDOJI_FramePP 000000018000b380 f   ta_libc_csr:ta_frame.obj
 0001:0000a3e0       TA_CDLHAMMER_FramePP       000000018000b3e0 f   ta_libc_csr:ta_frame.obj
 0001:0000a440       TA_CDLHAMMER_FramePPLB     000000018000b440 f   ta_libc_csr:ta_frame.obj
 0001:0000a440       TA_CDLHANGINGMAN_FramePPLB 000000018000b440 f   ta_libc_csr:ta_frame.obj
 0001:0000a450       TA_CDLHANGINGMAN_FramePP   000000018000b450 f   ta_libc_csr:ta_frame.obj
 0001:0000a4b0       TA_CDLHARAMICROSS_FramePP  000000018000b4b0 f   ta_libc_csr:ta_frame.obj
 0001:0000a510       TA_CDLHARAMI_FramePP       000000018000b510 f   ta_libc_csr:ta_frame.obj
 0001:0000a570       TA_CDLHARAMI_FramePPLB     000000018000b570 f   ta_libc_csr:ta_frame.obj
 0001:0000a570       TA_CDLHOMINGPIGEON_FramePPLB 000000018000b570 f   ta_libc_csr:ta_frame.obj
 0001:0000a580       TA_CDLHIGHWAVE_FramePP     000000018000b580 f   ta_libc_csr:ta_frame.obj
 0001:0000a5e0       TA_CDLHIGHWAVE_FramePPLB   000000018000b5e0 f   ta_libc_csr:ta_frame.obj
 0001:0000a5f0       TA_CDLHIKKAKEMOD_FramePP   000000018000b5f0 f   ta_libc_csr:ta_frame.obj
 0001:0000a650       TA_CDLHIKKAKEMOD_FramePPLB 000000018000b650 f   ta_libc_csr:ta_frame.obj
 0001:0000a660       TA_CDLHIKKAKE_FramePP      000000018000b660 f   ta_libc_csr:ta_frame.obj
 0001:0000a6c0       TA_CDLHIKKAKE_FramePPLB    000000018000b6c0 f   ta_libc_csr:ta_frame.obj
 0001:0000a6d0       TA_CDLHOMINGPIGEON_FramePP 000000018000b6d0 f   ta_libc_csr:ta_frame.obj
 0001:0000a730       TA_CDLIDENTICAL3CROWS_FramePP 000000018000b730 f   ta_libc_csr:ta_frame.obj
 0001:0000a790       TA_CDLIDENTICAL3CROWS_FramePPLB 000000018000b790 f   ta_libc_csr:ta_frame.obj
 0001:0000a7a0       TA_CDLINNECK_FramePP       000000018000b7a0 f   ta_libc_csr:ta_frame.obj
 0001:0000a800       TA_CDLINVERTEDHAMMER_FramePP 000000018000b800 f   ta_libc_csr:ta_frame.obj
 0001:0000a860       TA_CDLINVERTEDHAMMER_FramePPLB 000000018000b860 f   ta_libc_csr:ta_frame.obj
 0001:0000a860       TA_CDLSHOOTINGSTAR_FramePPLB 000000018000b860 f   ta_libc_csr:ta_frame.obj
 0001:0000a870       TA_CDLKICKINGBYLENGTH_FramePP 000000018000b870 f   ta_libc_csr:ta_frame.obj
 0001:0000a8d0       TA_CDLKICKING_FramePPLB    000000018000b8d0 f   ta_libc_csr:ta_frame.obj
 0001:0000a8d0       TA_CDLKICKINGBYLENGTH_FramePPLB 000000018000b8d0 f   ta_libc_csr:ta_frame.obj
 0001:0000a8e0       TA_CDLKICKING_FramePP      000000018000b8e0 f   ta_libc_csr:ta_frame.obj
 0001:0000a940       TA_CDLLADDERBOTTOM_FramePP 000000018000b940 f   ta_libc_csr:ta_frame.obj
 0001:0000a9a0       TA_CDLLADDERBOTTOM_FramePPLB 000000018000b9a0 f   ta_libc_csr:ta_frame.obj
 0001:0000a9b0       TA_CDLLONGLEGGEDDOJI_FramePP 000000018000b9b0 f   ta_libc_csr:ta_frame.obj
 0001:0000aa10       TA_CDLLONGLEGGEDDOJI_FramePPLB 000000018000ba10 f   ta_libc_csr:ta_frame.obj
 0001:0000aa20       TA_CDLLONGLINE_FramePP     000000018000ba20 f   ta_libc_csr:ta_frame.obj
 0001:0000aa80       TA_CDLLONGLINE_FramePPLB   000000018000ba80 f   ta_libc_csr:ta_frame.obj
 0001:0000aa90       TA_CDLMARUBOZU_FramePP     000000018000ba90 f   ta_libc_csr:ta_frame.obj
 0001:0000aaf0       TA_CDLMATCHINGLOW_FramePP  000000018000baf0 f   ta_libc_csr:ta_frame.obj
 0001:0000ab50       TA_CDLMATCHINGLOW_FramePPLB 000000018000bb50 f   ta_libc_csr:ta_frame.obj
 0001:0000ab60       TA_CDLMATHOLD_FramePP      000000018000bb60 f   ta_libc_csr:ta_frame.obj
 0001:0000abd0       TA_CDLMATHOLD_FramePPLB    000000018000bbd0 f   ta_libc_csr:ta_frame.obj
 0001:0000abe0       TA_CDLMORNINGDOJISTAR_FramePP 000000018000bbe0 f   ta_libc_csr:ta_frame.obj
 0001:0000ac50       TA_CDLMORNINGSTAR_FramePP  000000018000bc50 f   ta_libc_csr:ta_frame.obj
 0001:0000acc0       TA_CDLONNECK_FramePP       000000018000bcc0 f   ta_libc_csr:ta_frame.obj
 0001:0000ad20       TA_CDLPIERCING_FramePP     000000018000bd20 f   ta_libc_csr:ta_frame.obj
 0001:0000ad80       TA_CDLPIERCING_FramePPLB   000000018000bd80 f   ta_libc_csr:ta_frame.obj
 0001:0000ad90       TA_CDLRICKSHAWMAN_FramePP  000000018000bd90 f   ta_libc_csr:ta_frame.obj
 0001:0000adf0       TA_CDLRICKSHAWMAN_FramePPLB 000000018000bdf0 f   ta_libc_csr:ta_frame.obj
 0001:0000ae00       TA_CDLRISEFALL3METHODS_FramePP 000000018000be00 f   ta_libc_csr:ta_frame.obj
 0001:0000ae60       TA_CDLRISEFALL3METHODS_FramePPLB 000000018000be60 f   ta_libc_csr:ta_frame.obj
 0001:0000ae70       TA_CDLSEPARATINGLINES_FramePP 000000018000be70 f   ta_libc_csr:ta_frame.obj
 0001:0000aed0       TA_CDLSEPARATINGLINES_FramePPLB 000000018000bed0 f   ta_libc_csr:ta_frame.obj
 0001:0000aee0       TA_CDLSHOOTINGSTAR_FramePP 000000018000bee0 f   ta_libc_csr:ta_frame.obj
 0001:0000af40       TA_CDLSHORTLINE_FramePP    000000018000bf40 f   ta_libc_csr:ta_frame.obj
 0001:0000afa0       TA_CDLSHORTLINE_FramePPLB  000000018000bfa0 f   ta_libc_csr:ta_frame.obj
 0001:0000afb0       TA_CDLSPINNINGTOP_FramePP  000000018000bfb0 f   ta_libc_csr:ta_frame.obj
 0001:0000b010       TA_CDLSPINNINGTOP_FramePPLB 000000018000c010 f   ta_libc_csr:ta_frame.obj
 0001:0000b020       TA_CDLSTALLEDPATTERN_FramePP 000000018000c020 f   ta_libc_csr:ta_frame.obj
 0001:0000b080       TA_CDLSTALLEDPATTERN_FramePPLB 000000018000c080 f   ta_libc_csr:ta_frame.obj
 0001:0000b090       TA_CDLSTICKSANDWICH_FramePP 000000018000c090 f   ta_libc_csr:ta_frame.obj
 0001:0000b0f0       TA_CDLSTICKSANDWICH_FramePPLB 000000018000c0f0 f   ta_libc_csr:ta_frame.obj
 0001:0000b100       TA_CDLTAKURI_FramePP       000000018000c100 f   ta_libc_csr:ta_frame.obj
 0001:0000b160       TA_CDLTAKURI_FramePPLB     000000018000c160 f   ta_libc_csr:ta_frame.obj
 0001:0000b170       TA_CDLTASUKIGAP_FramePP    000000018000c170 f   ta_libc_csr:ta_frame.obj
 0001:0000b1d0       TA_CDLTASUKIGAP_FramePPLB  000000018000c1d0 f   ta_libc_csr:ta_frame.obj
 0001:0000b1e0       TA_CDLTHRUSTING_FramePP    000000018000c1e0 f   ta_libc_csr:ta_frame.obj
 0001:0000b240       TA_CDLTRISTAR_FramePP      000000018000c240 f   ta_libc_csr:ta_frame.obj
 0001:0000b2a0       TA_CDLTRISTAR_FramePPLB    000000018000c2a0 f   ta_libc_csr:ta_frame.obj
 0001:0000b2b0       TA_CDLUNIQUE3RIVER_FramePP 000000018000c2b0 f   ta_libc_csr:ta_frame.obj
 0001:0000b310       TA_CDLUPSIDEGAP2CROWS_FramePP 000000018000c310 f   ta_libc_csr:ta_frame.obj
 0001:0000b370       TA_CDLXSIDEGAP3METHODS_FramePP 000000018000c370 f   ta_libc_csr:ta_frame.obj
 0001:0000b3d0       TA_CEIL_FramePP            000000018000c3d0 f   ta_libc_csr:ta_frame.obj
 0001:0000b410       TA_CMO_FramePP             000000018000c410 f   ta_libc_csr:ta_frame.obj
 0001:0000b460       TA_CMO_FramePPLB           000000018000c460 f   ta_libc_csr:ta_frame.obj
 0001:0000b470       TA_CORREL_FramePP          000000018000c470 f   ta_libc_csr:ta_frame.obj
 0001:0000b4c0       TA_CORREL_FramePPLB        000000018000c4c0 f   ta_libc_csr:ta_frame.obj
 0001:0000b4d0       TA_COSH_FramePP            000000018000c4d0 f   ta_libc_csr:ta_frame.obj
 0001:0000b510       TA_COS_FramePP             000000018000c510 f   ta_libc_csr:ta_frame.obj
 0001:0000b550       TA_DEMA_FramePP            000000018000c550 f   ta_libc_csr:ta_frame.obj
 0001:0000b5a0       TA_DEMA_FramePPLB          000000018000c5a0 f   ta_libc_csr:ta_frame.obj
 0001:0000b5b0       TA_DIV_FramePP             000000018000c5b0 f   ta_libc_csr:ta_frame.obj
 0001:0000b5f0       TA_DX_FramePP              000000018000c5f0 f   ta_libc_csr:ta_frame.obj
 0001:0000b650       TA_DX_FramePPLB            000000018000c650 f   ta_libc_csr:ta_frame.obj
 0001:0000b660       TA_EMA_FramePP             000000018000c660 f   ta_libc_csr:ta_frame.obj
 0001:0000b6b0       TA_EMA_FramePPLB           000000018000c6b0 f   ta_libc_csr:ta_frame.obj
 0001:0000b6c0       TA_EXP_FramePP             000000018000c6c0 f   ta_libc_csr:ta_frame.obj
 0001:0000b700       TA_FLOOR_FramePP           000000018000c700 f   ta_libc_csr:ta_frame.obj
 0001:0000b740       TA_HT_DCPERIOD_FramePP     000000018000c740 f   ta_libc_csr:ta_frame.obj
 0001:0000b780       TA_HT_DCPERIOD_FramePPLB   000000018000c780 f   ta_libc_csr:ta_frame.obj
 0001:0000b790       TA_HT_DCPHASE_FramePP      000000018000c790 f   ta_libc_csr:ta_frame.obj
 0001:0000b7d0       TA_HT_DCPHASE_FramePPLB    000000018000c7d0 f   ta_libc_csr:ta_frame.obj
 0001:0000b7e0       TA_HT_PHASOR_FramePP       000000018000c7e0 f   ta_libc_csr:ta_frame.obj
 0001:0000b830       TA_HT_PHASOR_FramePPLB     000000018000c830 f   ta_libc_csr:ta_frame.obj
 0001:0000b840       TA_HT_SINE_FramePP         000000018000c840 f   ta_libc_csr:ta_frame.obj
 0001:0000b890       TA_HT_SINE_FramePPLB       000000018000c890 f   ta_libc_csr:ta_frame.obj
 0001:0000b8a0       TA_HT_TRENDLINE_FramePP    000000018000c8a0 f   ta_libc_csr:ta_frame.obj
 0001:0000b8e0       TA_HT_TRENDLINE_FramePPLB  000000018000c8e0 f   ta_libc_csr:ta_frame.obj
 0001:0000b8f0       TA_HT_TRENDMODE_FramePP    000000018000c8f0 f   ta_libc_csr:ta_frame.obj
 0001:0000b930       TA_HT_TRENDMODE_FramePPLB  000000018000c930 f   ta_libc_csr:ta_frame.obj
 0001:0000b940       TA_IMI_FramePP             000000018000c940 f   ta_libc_csr:ta_frame.obj
 0001:0000b990       TA_IMI_FramePPLB           000000018000c990 f   ta_libc_csr:ta_frame.obj
 0001:0000b9a0       TA_KAMA_FramePP            000000018000c9a0 f   ta_libc_csr:ta_frame.obj
 0001:0000b9f0       TA_KAMA_FramePPLB          000000018000c9f0 f   ta_libc_csr:ta_frame.obj
 0001:0000ba00       TA_LINEARREG_ANGLE_FramePP 000000018000ca00 f   ta_libc_csr:ta_frame.obj
 0001:0000ba50       TA_LINEARREG_FramePP       000000018000ca50 f   ta_libc_csr:ta_frame.obj
 0001:0000baa0       TA_LINEARREG_INTERCEPT_FramePP 000000018000caa0 f   ta_libc_csr:ta_frame.obj
 0001:0000baf0       TA_LINEARREG_SLOPE_FramePP 000000018000caf0 f   ta_libc_csr:ta_frame.obj
 0001:0000bb40       TA_LN_FramePP              000000018000cb40 f   ta_libc_csr:ta_frame.obj
 0001:0000bb80       TA_LOG10_FramePP           000000018000cb80 f   ta_libc_csr:ta_frame.obj
 0001:0000bbc0       TA_MACDEXT_FramePP         000000018000cbc0 f   ta_libc_csr:ta_frame.obj
 0001:0000bc50       TA_MACDEXT_FramePPLB       000000018000cc50 f   ta_libc_csr:ta_frame.obj
 0001:0000bc90       TA_MACDFIX_FramePP         000000018000cc90 f   ta_libc_csr:ta_frame.obj
 0001:0000bd00       TA_MACDFIX_FramePPLB       000000018000cd00 f   ta_libc_csr:ta_frame.obj
 0001:0000bd10       TA_MACD_FramePP            000000018000cd10 f   ta_libc_csr:ta_frame.obj
 0001:0000bd90       TA_MACD_FramePPLB          000000018000cd90 f   ta_libc_csr:ta_frame.obj
 0001:0000bdb0       TA_MAMA_FramePP            000000018000cdb0 f   ta_libc_csr:ta_frame.obj
 0001:0000be20       TA_MAMA_FramePPLB          000000018000ce20 f   ta_libc_csr:ta_frame.obj
 0001:0000be40       TA_MAVP_FramePP            000000018000ce40 f   ta_libc_csr:ta_frame.obj
 0001:0000bea0       TA_MAVP_FramePPLB          000000018000cea0 f   ta_libc_csr:ta_frame.obj
 0001:0000bec0       TA_MAXINDEX_FramePP        000000018000cec0 f   ta_libc_csr:ta_frame.obj
 0001:0000bf10       TA_SUM_FramePPLB           000000018000cf10 f   ta_libc_csr:ta_frame.obj
 0001:0000bf10       TA_MININDEX_FramePPLB      000000018000cf10 f   ta_libc_csr:ta_frame.obj
 0001:0000bf10       TA_MINMAX_FramePPLB        000000018000cf10 f   ta_libc_csr:ta_frame.obj
 0001:0000bf10       TA_TRIMA_FramePPLB         000000018000cf10 f   ta_libc_csr:ta_frame.obj
 0001:0000bf10       TA_MIN_FramePPLB           000000018000cf10 f   ta_libc_csr:ta_frame.obj
 0001:0000bf10       TA_MAXINDEX_FramePPLB      000000018000cf10 f   ta_libc_csr:ta_frame.obj
 0001:0000bf10       TA_SMA_FramePPLB           000000018000cf10 f   ta_libc_csr:ta_frame.obj
 0001:0000bf10       TA_WMA_FramePPLB           000000018000cf10 f   ta_libc_csr:ta_frame.obj
 0001:0000bf10       TA_MAX_FramePPLB           000000018000cf10 f   ta_libc_csr:ta_frame.obj
 0001:0000bf10       TA_MINMAXINDEX_FramePPLB   000000018000cf10 f   ta_libc_csr:ta_frame.obj
 0001:0000bf20       TA_MAX_FramePP             000000018000cf20 f   ta_libc_csr:ta_frame.obj
 0001:0000bf70       TA_MA_FramePP              000000018000cf70 f   ta_libc_csr:ta_frame.obj
 0001:0000bfc0       TA_MA_FramePPLB            000000018000cfc0 f   ta_libc_csr:ta_frame.obj
 0001:0000bfd0       TA_MEDPRICE_FramePP        000000018000cfd0 f   ta_libc_csr:ta_frame.obj
 0001:0000c020       TA_MFI_FramePP             000000018000d020 f   ta_libc_csr:ta_frame.obj
 0001:0000c090       TA_MFI_FramePPLB           000000018000d090 f   ta_libc_csr:ta_frame.obj
 0001:0000c0a0       TA_MIDPOINT_FramePP        000000018000d0a0 f   ta_libc_csr:ta_frame.obj
 0001:0000c0f0       TA_MIDPRICE_FramePP        000000018000d0f0 f   ta_libc_csr:ta_frame.obj
 0001:0000c140       TA_MININDEX_FramePP        000000018000d140 f   ta_libc_csr:ta_frame.obj
 0001:0000c190       TA_MINMAXINDEX_FramePP     000000018000d190 f   ta_libc_csr:ta_frame.obj
 0001:0000c1f0       TA_MINMAX_FramePP          000000018000d1f0 f   ta_libc_csr:ta_frame.obj
 0001:0000c250       TA_MINUS_DI_FramePP        000000018000d250 f   ta_libc_csr:ta_frame.obj
 0001:0000c2b0       TA_MINUS_DI_FramePPLB      000000018000d2b0 f   ta_libc_csr:ta_frame.obj
 0001:0000c2c0       TA_MINUS_DM_FramePP        000000018000d2c0 f   ta_libc_csr:ta_frame.obj
 0001:0000c310       TA_MINUS_DM_FramePPLB      000000018000d310 f   ta_libc_csr:ta_frame.obj
 0001:0000c320       TA_MIN_FramePP             000000018000d320 f   ta_libc_csr:ta_frame.obj
 0001:0000c370       TA_MOM_FramePP             000000018000d370 f   ta_libc_csr:ta_frame.obj
 0001:0000c3c0       TA_ROC_FramePPLB           000000018000d3c0 f   ta_libc_csr:ta_frame.obj
 0001:0000c3c0       TA_MOM_FramePPLB           000000018000d3c0 f   ta_libc_csr:ta_frame.obj
 0001:0000c3c0       TA_ROCR_FramePPLB          000000018000d3c0 f   ta_libc_csr:ta_frame.obj
 0001:0000c3c0       TA_ROCR100_FramePPLB       000000018000d3c0 f   ta_libc_csr:ta_frame.obj
 0001:0000c3c0       TA_ROCP_FramePPLB          000000018000d3c0 f   ta_libc_csr:ta_frame.obj
 0001:0000c3d0       TA_MULT_FramePP            000000018000d3d0 f   ta_libc_csr:ta_frame.obj
 0001:0000c410       TA_NATR_FramePP            000000018000d410 f   ta_libc_csr:ta_frame.obj
 0001:0000c470       TA_NATR_FramePPLB          000000018000d470 f   ta_libc_csr:ta_frame.obj
 0001:0000c480       TA_OBV_FramePP             000000018000d480 f   ta_libc_csr:ta_frame.obj
 0001:0000c4c0       TA_PLUS_DI_FramePP         000000018000d4c0 f   ta_libc_csr:ta_frame.obj
 0001:0000c520       TA_PLUS_DI_FramePPLB       000000018000d520 f   ta_libc_csr:ta_frame.obj
 0001:0000c530       TA_PLUS_DM_FramePP         000000018000d530 f   ta_libc_csr:ta_frame.obj
 0001:0000c580       TA_PLUS_DM_FramePPLB       000000018000d580 f   ta_libc_csr:ta_frame.obj
 0001:0000c590       TA_PPO_FramePP             000000018000d590 f   ta_libc_csr:ta_frame.obj
 0001:0000c5f0       TA_ROCP_FramePP            000000018000d5f0 f   ta_libc_csr:ta_frame.obj
 0001:0000c640       TA_ROCR100_FramePP         000000018000d640 f   ta_libc_csr:ta_frame.obj
 0001:0000c690       TA_ROCR_FramePP            000000018000d690 f   ta_libc_csr:ta_frame.obj
 0001:0000c6e0       TA_ROC_FramePP             000000018000d6e0 f   ta_libc_csr:ta_frame.obj
 0001:0000c730       TA_RSI_FramePP             000000018000d730 f   ta_libc_csr:ta_frame.obj
 0001:0000c780       TA_RSI_FramePPLB           000000018000d780 f   ta_libc_csr:ta_frame.obj
 0001:0000c790       TA_SAREXT_FramePP          000000018000d790 f   ta_libc_csr:ta_frame.obj
 0001:0000c840       TA_SAREXT_FramePPLB        000000018000d840 f   ta_libc_csr:ta_frame.obj
 0001:0000c8a0       TA_SAR_FramePP             000000018000d8a0 f   ta_libc_csr:ta_frame.obj
 0001:0000c900       TA_SAR_FramePPLB           000000018000d900 f   ta_libc_csr:ta_frame.obj
 0001:0000c920       TA_SINH_FramePP            000000018000d920 f   ta_libc_csr:ta_frame.obj
 0001:0000c960       TA_SIN_FramePP             000000018000d960 f   ta_libc_csr:ta_frame.obj
 0001:0000c9a0       TA_SMA_FramePP             000000018000d9a0 f   ta_libc_csr:ta_frame.obj
 0001:0000c9f0       TA_SQRT_FramePP            000000018000d9f0 f   ta_libc_csr:ta_frame.obj
 0001:0000ca30       TA_STDDEV_FramePP          000000018000da30 f   ta_libc_csr:ta_frame.obj
 0001:0000ca90       TA_STDDEV_FramePPLB        000000018000da90 f   ta_libc_csr:ta_frame.obj
 0001:0000caa0       TA_STOCHF_FramePP          000000018000daa0 f   ta_libc_csr:ta_frame.obj
 0001:0000cb20       TA_STOCHF_FramePPLB        000000018000db20 f   ta_libc_csr:ta_frame.obj
 0001:0000cb40       TA_STOCHRSI_FramePP        000000018000db40 f   ta_libc_csr:ta_frame.obj
 0001:0000cbb0       TA_STOCHRSI_FramePPLB      000000018000dbb0 f   ta_libc_csr:ta_frame.obj
 0001:0000cbd0       TA_STOCH_FramePP           000000018000dbd0 f   ta_libc_csr:ta_frame.obj
 0001:0000cc60       TA_STOCH_FramePPLB         000000018000dc60 f   ta_libc_csr:ta_frame.obj
 0001:0000cc90       TA_SUB_FramePP             000000018000dc90 f   ta_libc_csr:ta_frame.obj
 0001:0000ccd0       TA_SUM_FramePP             000000018000dcd0 f   ta_libc_csr:ta_frame.obj
 0001:0000cd20       TA_T3_FramePP              000000018000dd20 f   ta_libc_csr:ta_frame.obj
 0001:0000cd80       TA_T3_FramePPLB            000000018000dd80 f   ta_libc_csr:ta_frame.obj
 0001:0000cd90       TA_TANH_FramePP            000000018000dd90 f   ta_libc_csr:ta_frame.obj
 0001:0000cdd0       TA_TAN_FramePP             000000018000ddd0 f   ta_libc_csr:ta_frame.obj
 0001:0000ce10       TA_TEMA_FramePP            000000018000de10 f   ta_libc_csr:ta_frame.obj
 0001:0000ce60       TA_TEMA_FramePPLB          000000018000de60 f   ta_libc_csr:ta_frame.obj
 0001:0000ce70       TA_TRANGE_FramePP          000000018000de70 f   ta_libc_csr:ta_frame.obj
 0001:0000cec0       TA_TRANGE_FramePPLB        000000018000dec0 f   ta_libc_csr:ta_frame.obj
 0001:0000ced0       TA_TRIMA_FramePP           000000018000ded0 f   ta_libc_csr:ta_frame.obj
 0001:0000cf20       TA_TRIX_FramePP            000000018000df20 f   ta_libc_csr:ta_frame.obj
 0001:0000cf70       TA_TRIX_FramePPLB          000000018000df70 f   ta_libc_csr:ta_frame.obj
 0001:0000cf80       TA_TSF_FramePP             000000018000df80 f   ta_libc_csr:ta_frame.obj
 0001:0000cfd0       TA_TYPPRICE_FramePP        000000018000dfd0 f   ta_libc_csr:ta_frame.obj
 0001:0000d020       TA_ULTOSC_FramePP          000000018000e020 f   ta_libc_csr:ta_frame.obj
 0001:0000d090       TA_ULTOSC_FramePPLB        000000018000e090 f   ta_libc_csr:ta_frame.obj
 0001:0000d0b0       TA_VAR_FramePP             000000018000e0b0 f   ta_libc_csr:ta_frame.obj
 0001:0000d110       TA_VAR_FramePPLB           000000018000e110 f   ta_libc_csr:ta_frame.obj
 0001:0000d120       TA_WCLPRICE_FramePP        000000018000e120 f   ta_libc_csr:ta_frame.obj
 0001:0000d170       TA_WILLR_FramePP           000000018000e170 f   ta_libc_csr:ta_frame.obj
 0001:0000d1d0       TA_WMA_FramePP             000000018000e1d0 f   ta_libc_csr:ta_frame.obj
 0001:0000d220       TA_ACCBANDS                000000018000e220 f   ta_libc_csr:ta_ACCBANDS.obj
 0001:0000d820       TA_ACCBANDS_Lookback       000000018000e820 f   ta_libc_csr:ta_ACCBANDS.obj
 0001:0000d850       TA_ACOS                    000000018000e850 f   ta_libc_csr:ta_ACOS.obj
 0001:0000d940       TA_DIV_Lookback            000000018000e940 f   ta_libc_csr:ta_DIV.obj
 0001:0000d940       TA_SUB_Lookback            000000018000e940 f   ta_libc_csr:ta_SUB.obj
 0001:0000d940       TA_CEIL_Lookback           000000018000e940 f   ta_libc_csr:ta_CEIL.obj
 0001:0000d940       TA_ASIN_Lookback           000000018000e940 f   ta_libc_csr:ta_ASIN.obj
 0001:0000d940       TA_MULT_Lookback           000000018000e940 f   ta_libc_csr:ta_MULT.obj
 0001:0000d940       TA_LOG10_Lookback          000000018000e940 f   ta_libc_csr:ta_LOG10.obj
 0001:0000d940       TA_TYPPRICE_Lookback       000000018000e940 f   ta_libc_csr:ta_TYPPRICE.obj
 0001:0000d940       TA_COS_Lookback            000000018000e940 f   ta_libc_csr:ta_COS.obj
 0001:0000d940       TA_AD_Lookback             000000018000e940 f   ta_libc_csr:ta_AD.obj
 0001:0000d940       TA_LN_Lookback             000000018000e940 f   ta_libc_csr:ta_LN.obj
 0001:0000d940       TA_WCLPRICE_Lookback       000000018000e940 f   ta_libc_csr:ta_WCLPRICE.obj
 0001:0000d940       TA_SIN_Lookback            000000018000e940 f   ta_libc_csr:ta_SIN.obj
 0001:0000d940       TA_SINH_Lookback           000000018000e940 f   ta_libc_csr:ta_SINH.obj
 0001:0000d940       TA_SQRT_Lookback           000000018000e940 f   ta_libc_csr:ta_SQRT.obj
 0001:0000d940       TA_EXP_Lookback            000000018000e940 f   ta_libc_csr:ta_EXP.obj
 0001:0000d940       TA_COSH_Lookback           000000018000e940 f   ta_libc_csr:ta_COSH.obj
 0001:0000d940       TA_AVGPRICE_Lookback       000000018000e940 f   ta_libc_csr:ta_AVGPRICE.obj
 0001:0000d940       TA_TAN_Lookback            000000018000e940 f   ta_libc_csr:ta_TAN.obj
 0001:0000d940       TA_ADD_Lookback            000000018000e940 f   ta_libc_csr:ta_ADD.obj
 0001:0000d940       TA_ATAN_Lookback           000000018000e940 f   ta_libc_csr:ta_ATAN.obj
 0001:0000d940       TA_BOP_Lookback            000000018000e940 f   ta_libc_csr:ta_BOP.obj
 0001:0000d940       TA_TANH_Lookback           000000018000e940 f   ta_libc_csr:ta_TANH.obj
 0001:0000d940       TA_OBV_Lookback            000000018000e940 f   ta_libc_csr:ta_OBV.obj
 0001:0000d940       TA_ACOS_Lookback           000000018000e940 f   ta_libc_csr:ta_ACOS.obj
 0001:0000d940       TA_MEDPRICE_Lookback       000000018000e940 f   ta_libc_csr:ta_MEDPRICE.obj
 0001:0000d940       TA_FLOOR_Lookback          000000018000e940 f   ta_libc_csr:ta_FLOOR.obj
 0001:0000d950       TA_AD                      000000018000e950 f   ta_libc_csr:ta_AD.obj
 0001:0000da70       TA_ADD                     000000018000ea70 f   ta_libc_csr:ta_ADD.obj
 0001:0000dc00       TA_ADOSC                   000000018000ec00 f   ta_libc_csr:ta_ADOSC.obj
 0001:0000e400       TA_ADOSC_Lookback          000000018000f400 f   ta_libc_csr:ta_ADOSC.obj
 0001:0000e450       TA_ADX                     000000018000f450 f   ta_libc_csr:ta_ADX.obj
 0001:0000eb30       TA_ADX_Lookback            000000018000fb30 f   ta_libc_csr:ta_ADX.obj
 0001:0000eb70       TA_ADXR                    000000018000fb70 f   ta_libc_csr:ta_ADXR.obj
 0001:0000ed90       TA_ADXR_Lookback           000000018000fd90 f   ta_libc_csr:ta_ADXR.obj
 0001:0000edf0       TA_APO                     000000018000fdf0 f   ta_libc_csr:ta_APO.obj
 0001:0000ef90       TA_APO_Lookback            000000018000ff90 f   ta_libc_csr:ta_APO.obj
 0001:0000ef90       TA_PPO_Lookback            000000018000ff90 f   ta_libc_csr:ta_PPO.obj
 0001:0000f000       TA_INT_PO                  0000000180010000 f   ta_libc_csr:ta_APO.obj
 0001:0000f1f0       TA_AROON                   00000001800101f0 f   ta_libc_csr:ta_AROON.obj
 0001:0000f630       TA_AROONOSC_Lookback       0000000180010630 f   ta_libc_csr:ta_AROONOSC.obj
 0001:0000f630       TA_AROON_Lookback          0000000180010630 f   ta_libc_csr:ta_AROON.obj
 0001:0000f660       TA_AROONOSC                0000000180010660 f   ta_libc_csr:ta_AROONOSC.obj
 0001:0000fa40       TA_ASIN                    0000000180010a40 f   ta_libc_csr:ta_ASIN.obj
 0001:0000fb30       TA_ATAN                    0000000180010b30 f   ta_libc_csr:ta_ATAN.obj
 0001:0000fc20       TA_ATR                     0000000180010c20 f   ta_libc_csr:ta_ATR.obj
 0001:0000ff10       TA_ATR_Lookback            0000000180010f10 f   ta_libc_csr:ta_ATR.obj
 0001:0000ff50       TA_AVGPRICE                0000000180010f50 f   ta_libc_csr:ta_AVGPRICE.obj
 0001:00010200       TA_AVGDEV                  0000000180011200 f   ta_libc_csr:ta_AVGDEV.obj
 0001:00010440       TA_LINEARREG_ANGLE_Lookback 0000000180011440 f   ta_libc_csr:ta_LINEARREG_ANGLE.obj
 0001:00010440       TA_LINEARREG_SLOPE_Lookback 0000000180011440 f   ta_libc_csr:ta_LINEARREG_SLOPE.obj
 0001:00010440       TA_WILLR_Lookback          0000000180011440 f   ta_libc_csr:ta_WILLR.obj
 0001:00010440       TA_CCI_Lookback            0000000180011440 f   ta_libc_csr:ta_CCI.obj
 0001:00010440       TA_LINEARREG_Lookback      0000000180011440 f   ta_libc_csr:ta_LINEARREG.obj
 0001:00010440       TA_AVGDEV_Lookback         0000000180011440 f   ta_libc_csr:ta_AVGDEV.obj
 0001:00010440       TA_MIDPRICE_Lookback       0000000180011440 f   ta_libc_csr:ta_MIDPRICE.obj
 0001:00010440       TA_TSF_Lookback            0000000180011440 f   ta_libc_csr:ta_TSF.obj
 0001:00010440       TA_LINEARREG_INTERCEPT_Lookback 0000000180011440 f   ta_libc_csr:ta_LINEARREG_INTERCEPT.obj
 0001:00010440       TA_MIDPOINT_Lookback       0000000180011440 f   ta_libc_csr:ta_MIDPOINT.obj
 0001:00010470       TA_BBANDS                  0000000180011470 f   ta_libc_csr:ta_BBANDS.obj
 0001:00010950       TA_BBANDS_Lookback         0000000180011950 f   ta_libc_csr:ta_BBANDS.obj
 0001:000109d0       TA_BETA                    00000001800119d0 f   ta_libc_csr:ta_BETA.obj
 0001:00010d90       TA_BETA_Lookback           0000000180011d90 f   ta_libc_csr:ta_BETA.obj
 0001:00010dc0       TA_BOP                     0000000180011dc0 f   ta_libc_csr:ta_BOP.obj
 0001:00011050       TA_CCI                     0000000180012050 f   ta_libc_csr:ta_CCI.obj
 0001:000114a0       TA_CDL2CROWS               00000001800124a0 f   ta_libc_csr:ta_CDL2CROWS.obj
 0001:00011b80       TA_CDL2CROWS_Lookback      0000000180012b80 f   ta_libc_csr:ta_CDL2CROWS.obj
 0001:00011ba0       TA_CDL3BLACKCROWS          0000000180012ba0 f   ta_libc_csr:ta_CDL3BLACKCROWS.obj
 0001:000123c0       TA_CDL3BLACKCROWS_Lookback 00000001800133c0 f   ta_libc_csr:ta_CDL3BLACKCROWS.obj
 0001:000123c0       TA_CDLCONCEALBABYSWALL_Lookback 00000001800133c0 f   ta_libc_csr:ta_CDLCONCEALBABYSWALL.obj
 0001:000123e0       TA_CDL3INSIDE              00000001800133e0 f   ta_libc_csr:ta_CDL3INSIDE.obj
 0001:00012ff0       TA_CDL3INSIDE_Lookback     0000000180013ff0 f   ta_libc_csr:ta_CDL3INSIDE.obj
 0001:00012ff0       TA_CDLUNIQUE3RIVER_Lookback 0000000180013ff0 f   ta_libc_csr:ta_CDLUNIQUE3RIVER.obj
 0001:00012ff0       TA_CDLUPSIDEGAP2CROWS_Lookback 0000000180013ff0 f   ta_libc_csr:ta_CDLUPSIDEGAP2CROWS.obj
 0001:00013010       TA_CDL3LINESTRIKE          0000000180014010 f   ta_libc_csr:ta_CDL3LINESTRIKE.obj
 0001:000138f0       TA_CDL3LINESTRIKE_Lookback 00000001800148f0 f   ta_libc_csr:ta_CDL3LINESTRIKE.obj
 0001:00013910       TA_CDL3OUTSIDE             0000000180014910 f   ta_libc_csr:ta_CDL3OUTSIDE.obj
 0001:00013ae0       TA_CDL3OUTSIDE_Lookback    0000000180014ae0 f   ta_libc_csr:ta_CDL3OUTSIDE.obj
 0001:00013af0       TA_CDL3STARSINSOUTH        0000000180014af0 f   ta_libc_csr:ta_CDL3STARSINSOUTH.obj
 0001:00015020       TA_CDL3STARSINSOUTH_Lookback 0000000180016020 f   ta_libc_csr:ta_CDL3STARSINSOUTH.obj
 0001:00015070       TA_CDL3WHITESOLDIERS       0000000180016070 f   ta_libc_csr:ta_CDL3WHITESOLDIERS.obj
 0001:00016560       TA_CDL3WHITESOLDIERS_Lookback 0000000180017560 f   ta_libc_csr:ta_CDL3WHITESOLDIERS.obj
 0001:000165b0       TA_CDLABANDONEDBABY        00000001800175b0 f   ta_libc_csr:ta_CDLABANDONEDBABY.obj
 0001:00017730       TA_CDLEVENINGDOJISTAR_Lookback 0000000180018730 f   ta_libc_csr:ta_CDLEVENINGDOJISTAR.obj
 0001:00017730       TA_CDLMORNINGDOJISTAR_Lookback 0000000180018730 f   ta_libc_csr:ta_CDLMORNINGDOJISTAR.obj
 0001:00017730       TA_CDLABANDONEDBABY_Lookback 0000000180018730 f   ta_libc_csr:ta_CDLABANDONEDBABY.obj
 0001:00017790       TA_CDLADVANCEBLOCK         0000000180018790 f   ta_libc_csr:ta_CDLADVANCEBLOCK.obj
 0001:00019040       TA_CDLADVANCEBLOCK_Lookback 000000018001a040 f   ta_libc_csr:ta_CDLADVANCEBLOCK.obj
 0001:000190d0       TA_CDLBELTHOLD             000000018001a0d0 f   ta_libc_csr:ta_CDLBELTHOLD.obj
 0001:00019c20       TA_CDLBELTHOLD_Lookback    000000018001ac20 f   ta_libc_csr:ta_CDLBELTHOLD.obj
 0001:00019c20       TA_CDLCLOSINGMARUBOZU_Lookback 000000018001ac20 f   ta_libc_csr:ta_CDLCLOSINGMARUBOZU.obj
 0001:00019c20       TA_CDLMARUBOZU_Lookback    000000018001ac20 f   ta_libc_csr:ta_CDLMARUBOZU.obj
 0001:00019c40       TA_CDLBREAKAWAY            000000018001ac40 f   ta_libc_csr:ta_CDLBREAKAWAY.obj
 0001:0001a4d0       TA_CDLBREAKAWAY_Lookback   000000018001b4d0 f   ta_libc_csr:ta_CDLBREAKAWAY.obj
 0001:0001a4f0       TA_CDLCLOSINGMARUBOZU      000000018001b4f0 f   ta_libc_csr:ta_CDLCLOSINGMARUBOZU.obj
 0001:0001b040       TA_CDLCONCEALBABYSWALL     000000018001c040 f   ta_libc_csr:ta_CDLCONCEALBABYSWALL.obj
 0001:0001ba10       TA_CDLCOUNTERATTACK        000000018001ca10 f   ta_libc_csr:ta_CDLCOUNTERATTACK.obj
 0001:0001c580       TA_CDLONNECK_Lookback      000000018001d580 f   ta_libc_csr:ta_CDLONNECK.obj
 0001:0001c580       TA_CDLINNECK_Lookback      000000018001d580 f   ta_libc_csr:ta_CDLINNECK.obj
 0001:0001c580       TA_CDLTHRUSTING_Lookback   000000018001d580 f   ta_libc_csr:ta_CDLTHRUSTING.obj
 0001:0001c580       TA_CDLCOUNTERATTACK_Lookback 000000018001d580 f   ta_libc_csr:ta_CDLCOUNTERATTACK.obj
 0001:0001c5a0       TA_CDLDARKCLOUDCOVER       000000018001d5a0 f   ta_libc_csr:ta_CDLDARKCLOUDCOVER.obj
 0001:0001cca0       TA_CDLDARKCLOUDCOVER_Lookback 000000018001dca0 f   ta_libc_csr:ta_CDLDARKCLOUDCOVER.obj
 0001:0001cce0       TA_CDLDOJI                 000000018001dce0 f   ta_libc_csr:ta_CDLDOJI.obj
 0001:0001d2b0       TA_CDLDOJI_Lookback        000000018001e2b0 f   ta_libc_csr:ta_CDLDOJI.obj
 0001:0001d2c0       TA_CDLDOJISTAR             000000018001e2c0 f   ta_libc_csr:ta_CDLDOJISTAR.obj
 0001:0001dde0       TA_CDLDOJISTAR_Lookback    000000018001ede0 f   ta_libc_csr:ta_CDLDOJISTAR.obj
 0001:0001dde0       TA_CDLHARAMICROSS_Lookback 000000018001ede0 f   ta_libc_csr:ta_CDLHARAMICROSS.obj
 0001:0001de00       TA_CDLDRAGONFLYDOJI        000000018001ee00 f   ta_libc_csr:ta_CDLDRAGONFLYDOJI.obj
 0001:0001e920       TA_CDLDRAGONFLYDOJI_Lookback 000000018001f920 f   ta_libc_csr:ta_CDLDRAGONFLYDOJI.obj
 0001:0001e920       TA_CDLGRAVESTONEDOJI_Lookback 000000018001f920 f   ta_libc_csr:ta_CDLGRAVESTONEDOJI.obj
 0001:0001e940       TA_CDLENGULFING            000000018001f940 f   ta_libc_csr:ta_CDLENGULFING.obj
 0001:0001eb50       TA_CDLENGULFING_Lookback   000000018001fb50 f   ta_libc_csr:ta_CDLENGULFING.obj
 0001:0001eb50       TA_CDLXSIDEGAP3METHODS_Lookback 000000018001fb50 f   ta_libc_csr:ta_CDLXSIDEGAP3METHODS.obj
 0001:0001eb60       TA_CDLEVENINGDOJISTAR      000000018001fb60 f   ta_libc_csr:ta_CDLEVENINGDOJISTAR.obj
 0001:0001fcb0       TA_CDLEVENINGSTAR          0000000180020cb0 f   ta_libc_csr:ta_CDLEVENINGSTAR.obj
 0001:00020930       TA_CDLMORNINGSTAR_Lookback 0000000180021930 f   ta_libc_csr:ta_CDLMORNINGSTAR.obj
 0001:00020930       TA_CDLEVENINGSTAR_Lookback 0000000180021930 f   ta_libc_csr:ta_CDLEVENINGSTAR.obj
 0001:00020970       TA_CDLGAPSIDESIDEWHITE     0000000180021970 f   ta_libc_csr:ta_CDLGAPSIDESIDEWHITE.obj
 0001:00021670       TA_CDLGAPSIDESIDEWHITE_Lookback 0000000180022670 f   ta_libc_csr:ta_CDLGAPSIDESIDEWHITE.obj
 0001:00021690       TA_CDLGRAVESTONEDOJI       0000000180022690 f   ta_libc_csr:ta_CDLGRAVESTONEDOJI.obj
 0001:000221b0       TA_CDLHAMMER               00000001800231b0 f   ta_libc_csr:ta_CDLHAMMER.obj
 0001:000234c0       TA_CDLHAMMER_Lookback      00000001800244c0 f   ta_libc_csr:ta_CDLHAMMER.obj
 0001:000234c0       TA_CDLHANGINGMAN_Lookback  00000001800244c0 f   ta_libc_csr:ta_CDLHANGINGMAN.obj
 0001:00023520       TA_CDLHANGINGMAN           0000000180024520 f   ta_libc_csr:ta_CDLHANGINGMAN.obj
 0001:00024830       TA_CDLHARAMI               0000000180025830 f   ta_libc_csr:ta_CDLHARAMI.obj
 0001:000253b0       TA_CDLHOMINGPIGEON_Lookback 00000001800263b0 f   ta_libc_csr:ta_CDLHOMINGPIGEON.obj
 0001:000253b0       TA_CDLHARAMI_Lookback      00000001800263b0 f   ta_libc_csr:ta_CDLHARAMI.obj
 0001:000253d0       TA_CDLHARAMICROSS          00000001800263d0 f   ta_libc_csr:ta_CDLHARAMICROSS.obj
 0001:00025f50       TA_CDLHIGHWAVE             0000000180026f50 f   ta_libc_csr:ta_CDLHIGHWAVE.obj
 0001:00026a90       TA_CDLHIGHWAVE_Lookback    0000000180027a90 f   ta_libc_csr:ta_CDLHIGHWAVE.obj
 0001:00026ab0       TA_CDLHIKKAKE              0000000180027ab0 f   ta_libc_csr:ta_CDLHIKKAKE.obj
 0001:00026dc0       TA_CDLHIKKAKE_Lookback     0000000180027dc0 f   ta_libc_csr:ta_CDLHIKKAKE.obj
 0001:00026dd0       TA_CDLHIKKAKEMOD           0000000180027dd0 f   ta_libc_csr:ta_CDLHIKKAKEMOD.obj
 0001:00027a60       TA_CDLHIKKAKEMOD_Lookback  0000000180028a60 f   ta_libc_csr:ta_CDLHIKKAKEMOD.obj
 0001:00027a80       TA_CDLHOMINGPIGEON         0000000180028a80 f   ta_libc_csr:ta_CDLHOMINGPIGEON.obj
 0001:000285e0       TA_CDLIDENTICAL3CROWS      00000001800295e0 f   ta_libc_csr:ta_CDLIDENTICAL3CROWS.obj
 0001:00029330       TA_CDLIDENTICAL3CROWS_Lookback 000000018002a330 f   ta_libc_csr:ta_CDLIDENTICAL3CROWS.obj
 0001:00029350       TA_CDLINNECK               000000018002a350 f   ta_libc_csr:ta_CDLINNECK.obj
 0001:00029e70       TA_CDLINVERTEDHAMMER       000000018002ae70 f   ta_libc_csr:ta_CDLINVERTEDHAMMER.obj
 0001:0002af90       TA_CDLINVERTEDHAMMER_Lookback 000000018002bf90 f   ta_libc_csr:ta_CDLINVERTEDHAMMER.obj
 0001:0002af90       TA_CDLSHOOTINGSTAR_Lookback 000000018002bf90 f   ta_libc_csr:ta_CDLSHOOTINGSTAR.obj
 0001:0002afd0       TA_CDLKICKING              000000018002bfd0 f   ta_libc_csr:ta_CDLKICKING.obj
 0001:0002bc20       TA_CDLKICKING_Lookback     000000018002cc20 f   ta_libc_csr:ta_CDLKICKING.obj
 0001:0002bc20       TA_CDLKICKINGBYLENGTH_Lookback 000000018002cc20 f   ta_libc_csr:ta_CDLKICKINGBYLENGTH.obj
 0001:0002bc40       TA_CDLKICKINGBYLENGTH      000000018002cc40 f   ta_libc_csr:ta_CDLKICKINGBYLENGTH.obj
 0001:0002c8a0       TA_CDLLADDERBOTTOM         000000018002d8a0 f   ta_libc_csr:ta_CDLLADDERBOTTOM.obj
 0001:0002d010       TA_CDLLADDERBOTTOM_Lookback 000000018002e010 f   ta_libc_csr:ta_CDLLADDERBOTTOM.obj
 0001:0002d030       TA_CDLLONGLEGGEDDOJI       000000018002e030 f   ta_libc_csr:ta_CDLLONGLEGGEDDOJI.obj
 0001:0002db50       TA_CDLLONGLEGGEDDOJI_Lookback 000000018002eb50 f   ta_libc_csr:ta_CDLLONGLEGGEDDOJI.obj
 0001:0002db70       TA_CDLLONGLINE             000000018002eb70 f   ta_libc_csr:ta_CDLLONGLINE.obj
 0001:0002e6b0       TA_CDLLONGLINE_Lookback    000000018002f6b0 f   ta_libc_csr:ta_CDLLONGLINE.obj
 0001:0002e6d0       TA_CDLMARUBOZU             000000018002f6d0 f   ta_libc_csr:ta_CDLMARUBOZU.obj
 0001:0002f210       TA_CDLMATCHINGLOW          0000000180030210 f   ta_libc_csr:ta_CDLMATCHINGLOW.obj
 0001:0002f950       TA_CDLMATCHINGLOW_Lookback 0000000180030950 f   ta_libc_csr:ta_CDLMATCHINGLOW.obj
 0001:0002f960       TA_CDLMATHOLD              0000000180030960 f   ta_libc_csr:ta_CDLMATHOLD.obj
 0001:000306b0       TA_CDLMATHOLD_Lookback     00000001800316b0 f   ta_libc_csr:ta_CDLMATHOLD.obj
 0001:000306f0       TA_CDLMORNINGDOJISTAR      00000001800316f0 f   ta_libc_csr:ta_CDLMORNINGDOJISTAR.obj
 0001:00031840       TA_CDLMORNINGSTAR          0000000180032840 f   ta_libc_csr:ta_CDLMORNINGSTAR.obj
 0001:000324c0       TA_CDLONNECK               00000001800334c0 f   ta_libc_csr:ta_CDLONNECK.obj
 0001:000330a0       TA_CDLPIERCING             00000001800340a0 f   ta_libc_csr:ta_CDLPIERCING.obj
 0001:00033750       TA_CDLPIERCING_Lookback    0000000180034750 f   ta_libc_csr:ta_CDLPIERCING.obj
 0001:00033760       TA_CDLRICKSHAWMAN          0000000180034760 f   ta_libc_csr:ta_CDLRICKSHAWMAN.obj
 0001:00034760       TA_CDLRICKSHAWMAN_Lookback 0000000180035760 f   ta_libc_csr:ta_CDLRICKSHAWMAN.obj
 0001:000347a0       TA_CDLRISEFALL3METHODS     00000001800357a0 f   ta_libc_csr:ta_CDLRISEFALL3METHODS.obj
 0001:00035590       TA_CDLRISEFALL3METHODS_Lookback 0000000180036590 f   ta_libc_csr:ta_CDLRISEFALL3METHODS.obj
 0001:000355b0       TA_CDLSEPARATINGLINES      00000001800365b0 f   ta_libc_csr:ta_CDLSEPARATINGLINES.obj
 0001:00036620       TA_CDLSEPARATINGLINES_Lookback 0000000180037620 f   ta_libc_csr:ta_CDLSEPARATINGLINES.obj
 0001:00036660       TA_CDLSHOOTINGSTAR         0000000180037660 f   ta_libc_csr:ta_CDLSHOOTINGSTAR.obj
 0001:00037760       TA_CDLSHORTLINE            0000000180038760 f   ta_libc_csr:ta_CDLSHORTLINE.obj
 0001:000382a0       TA_CDLSHORTLINE_Lookback   00000001800392a0 f   ta_libc_csr:ta_CDLSHORTLINE.obj
 0001:000382c0       TA_CDLSPINNINGTOP          00000001800392c0 f   ta_libc_csr:ta_CDLSPINNINGTOP.obj
 0001:000388f0       TA_CDLSPINNINGTOP_Lookback 00000001800398f0 f   ta_libc_csr:ta_CDLSPINNINGTOP.obj
 0001:00038900       TA_CDLSTALLEDPATTERN       0000000180039900 f   ta_libc_csr:ta_CDLSTALLEDPATTERN.obj
 0001:00039d20       TA_CDLSTALLEDPATTERN_Lookback 000000018003ad20 f   ta_libc_csr:ta_CDLSTALLEDPATTERN.obj
 0001:00039d70       TA_CDLSTICKSANDWICH        000000018003ad70 f   ta_libc_csr:ta_CDLSTICKSANDWICH.obj
 0001:0003a500       TA_CDLSTICKSANDWICH_Lookback 000000018003b500 f   ta_libc_csr:ta_CDLSTICKSANDWICH.obj
 0001:0003a520       TA_CDLTAKURI               000000018003b520 f   ta_libc_csr:ta_CDLTAKURI.obj
 0001:0003b590       TA_CDLTAKURI_Lookback      000000018003c590 f   ta_libc_csr:ta_CDLTAKURI.obj
 0001:0003b5d0       TA_CDLTASUKIGAP            000000018003c5d0 f   ta_libc_csr:ta_CDLTASUKIGAP.obj
 0001:0003be60       TA_CDLTASUKIGAP_Lookback   000000018003ce60 f   ta_libc_csr:ta_CDLTASUKIGAP.obj
 0001:0003be80       TA_CDLTHRUSTING            000000018003ce80 f   ta_libc_csr:ta_CDLTHRUSTING.obj
 0001:0003c9e0       TA_CDLTRISTAR              000000018003d9e0 f   ta_libc_csr:ta_CDLTRISTAR.obj
 0001:0003d230       TA_CDLTRISTAR_Lookback     000000018003e230 f   ta_libc_csr:ta_CDLTRISTAR.obj
 0001:0003d250       TA_CDLUNIQUE3RIVER         000000018003e250 f   ta_libc_csr:ta_CDLUNIQUE3RIVER.obj
 0001:0003de20       TA_CDLUPSIDEGAP2CROWS      000000018003ee20 f   ta_libc_csr:ta_CDLUPSIDEGAP2CROWS.obj
 0001:0003ea00       TA_CDLXSIDEGAP3METHODS     000000018003fa00 f   ta_libc_csr:ta_CDLXSIDEGAP3METHODS.obj
 0001:0003ec40       TA_CEIL                    000000018003fc40 f   ta_libc_csr:ta_CEIL.obj
 0001:0003ed30       TA_CMO                     000000018003fd30 f   ta_libc_csr:ta_CMO.obj
 0001:0003f370       TA_CMO_Lookback            0000000180040370 f   ta_libc_csr:ta_CMO.obj
 0001:0003f3b0       TA_CORREL                  00000001800403b0 f   ta_libc_csr:ta_CORREL.obj
 0001:0003f8d0       TA_CORREL_Lookback         00000001800408d0 f   ta_libc_csr:ta_CORREL.obj
 0001:0003f900       TA_COS                     0000000180040900 f   ta_libc_csr:ta_COS.obj
 0001:0003f9f0       TA_COSH                    00000001800409f0 f   ta_libc_csr:ta_COSH.obj
 0001:0003fae0       TA_DEMA                    0000000180040ae0 f   ta_libc_csr:ta_DEMA.obj
 0001:0003fdb0       TA_DEMA_Lookback           0000000180040db0 f   ta_libc_csr:ta_DEMA.obj
 0001:0003fdf0       TA_DIV                     0000000180040df0 f   ta_libc_csr:ta_DIV.obj
 0001:0003ff80       TA_DX                      0000000180040f80 f   ta_libc_csr:ta_DX.obj
 0001:000404f0       TA_DX_Lookback             00000001800414f0 f   ta_libc_csr:ta_DX.obj
 0001:00040540       TA_EMA                     0000000180041540 f   ta_libc_csr:ta_EMA.obj
 0001:000405f0       TA_EMA_Lookback            00000001800415f0 f   ta_libc_csr:ta_EMA.obj
 0001:00040630       TA_INT_EMA                 0000000180041630 f   ta_libc_csr:ta_EMA.obj
 0001:00040900       TA_EXP                     0000000180041900 f   ta_libc_csr:ta_EXP.obj
 0001:000409f0       TA_FLOOR                   00000001800419f0 f   ta_libc_csr:ta_FLOOR.obj
 0001:00040ae0       TA_HT_DCPERIOD             0000000180041ae0 f   ta_libc_csr:ta_HT_DCPERIOD.obj
 0001:00041330       TA_HT_DCPERIOD_Lookback    0000000180042330 f   ta_libc_csr:ta_HT_DCPERIOD.obj
 0001:00041350       TA_HT_DCPHASE              0000000180042350 f   ta_libc_csr:ta_HT_DCPHASE.obj
 0001:00041dd0       TA_HT_DCPHASE_Lookback     0000000180042dd0 f   ta_libc_csr:ta_HT_DCPHASE.obj
 0001:00041df0       TA_HT_PHASOR               0000000180042df0 f   ta_libc_csr:ta_HT_PHASOR.obj
 0001:00042660       TA_HT_PHASOR_Lookback      0000000180043660 f   ta_libc_csr:ta_HT_PHASOR.obj
 0001:00042680       TA_HT_SINE                 0000000180043680 f   ta_libc_csr:ta_HT_SINE.obj
 0001:00043160       TA_HT_SINE_Lookback        0000000180044160 f   ta_libc_csr:ta_HT_SINE.obj
 0001:00043180       TA_HT_TRENDLINE            0000000180044180 f   ta_libc_csr:ta_HT_TRENDLINE.obj
 0001:00043af0       TA_HT_TRENDLINE_Lookback   0000000180044af0 f   ta_libc_csr:ta_HT_TRENDLINE.obj
 0001:00043b10       TA_HT_TRENDMODE            0000000180044b10 f   ta_libc_csr:ta_HT_TRENDMODE.obj
 0001:000447b0       TA_HT_TRENDMODE_Lookback   00000001800457b0 f   ta_libc_csr:ta_HT_TRENDMODE.obj
 0001:000447d0       TA_IMI                     00000001800457d0 f   ta_libc_csr:ta_IMI.obj
 0001:00044aa0       TA_IMI_Lookback            0000000180045aa0 f   ta_libc_csr:ta_IMI.obj
 0001:00044ae0       TA_KAMA                    0000000180045ae0 f   ta_libc_csr:ta_KAMA.obj
 0001:00045350       TA_KAMA_Lookback           0000000180046350 f   ta_libc_csr:ta_KAMA.obj
 0001:00045390       TA_LINEARREG               0000000180046390 f   ta_libc_csr:ta_LINEARREG.obj
 0001:00045580       TA_LINEARREG_ANGLE         0000000180046580 f   ta_libc_csr:ta_LINEARREG_ANGLE.obj
 0001:000457c0       TA_LINEARREG_INTERCEPT     00000001800467c0 f   ta_libc_csr:ta_LINEARREG_INTERCEPT.obj
 0001:00045990       TA_LINEARREG_SLOPE         0000000180046990 f   ta_libc_csr:ta_LINEARREG_SLOPE.obj
 0001:00045b50       TA_LN                      0000000180046b50 f   ta_libc_csr:ta_LN.obj
 0001:00045c40       TA_LOG10                   0000000180046c40 f   ta_libc_csr:ta_LOG10.obj
 0001:00045d30       TA_MA                      0000000180046d30 f   ta_libc_csr:ta_MA.obj
 0001:00046120       TA_MA_Lookback             0000000180047120 f   ta_libc_csr:ta_MA.obj
 0001:00046260       TA_INT_MACD                0000000180047260 f   ta_libc_csr:ta_MACD.obj
 0001:00046740       TA_MACD                    0000000180047740 f   ta_libc_csr:ta_MACD.obj
 0001:00046870       TA_MACD_Lookback           0000000180047870 f   ta_libc_csr:ta_MACD.obj
 0001:00046900       TA_MACDEXT                 0000000180047900 f   ta_libc_csr:ta_MACDEXT.obj
 0001:00046ee0       TA_MACDEXT_Lookback        0000000180047ee0 f   ta_libc_csr:ta_MACDEXT.obj
 0001:00047000       TA_MACDFIX                 0000000180048000 f   ta_libc_csr:ta_MACDFIX.obj
 0001:000470d0       TA_MACDFIX_Lookback        00000001800480d0 f   ta_libc_csr:ta_MACDFIX.obj
 0001:00047120       TA_MAMA                    0000000180048120 f   ta_libc_csr:ta_MAMA.obj
 0001:00047b30       TA_MAMA_Lookback           0000000180048b30 f   ta_libc_csr:ta_MAMA.obj
 0001:00047b90       TA_MAVP                    0000000180048b90 f   ta_libc_csr:ta_MAVP.obj
 0001:00048090       TA_MAVP_Lookback           0000000180049090 f   ta_libc_csr:ta_MAVP.obj
 0001:000480f0       TA_MAX                     00000001800490f0 f   ta_libc_csr:ta_MAX.obj
 0001:00048350       TA_MINMAX_Lookback         0000000180049350 f   ta_libc_csr:ta_MINMAX.obj
 0001:00048350       TA_TRIMA_Lookback          0000000180049350 f   ta_libc_csr:ta_TRIMA.obj
 0001:00048350       TA_MINMAXINDEX_Lookback    0000000180049350 f   ta_libc_csr:ta_MINMAXINDEX.obj
 0001:00048350       TA_MAX_Lookback            0000000180049350 f   ta_libc_csr:ta_MAX.obj
 0001:00048350       TA_MININDEX_Lookback       0000000180049350 f   ta_libc_csr:ta_MININDEX.obj
 0001:00048350       TA_SUM_Lookback            0000000180049350 f   ta_libc_csr:ta_SUM.obj
 0001:00048350       TA_SMA_Lookback            0000000180049350 f   ta_libc_csr:ta_SMA.obj
 0001:00048350       TA_WMA_Lookback            0000000180049350 f   ta_libc_csr:ta_WMA.obj
 0001:00048350       TA_MAXINDEX_Lookback       0000000180049350 f   ta_libc_csr:ta_MAXINDEX.obj
 0001:00048350       TA_MIN_Lookback            0000000180049350 f   ta_libc_csr:ta_MIN.obj
 0001:00048380       TA_MAXINDEX                0000000180049380 f   ta_libc_csr:ta_MAXINDEX.obj
 0001:000485d0       TA_MEDPRICE                00000001800495d0 f   ta_libc_csr:ta_MEDPRICE.obj
 0001:000487a0       TA_MFI                     00000001800497a0 f   ta_libc_csr:ta_MFI.obj
 0001:00048f10       TA_MFI_Lookback            0000000180049f10 f   ta_libc_csr:ta_MFI.obj
 0001:00048f50       TA_MIDPOINT                0000000180049f50 f   ta_libc_csr:ta_MIDPOINT.obj
 0001:00049110       TA_MIDPRICE                000000018004a110 f   ta_libc_csr:ta_MIDPRICE.obj
 0001:00049330       TA_MIN                     000000018004a330 f   ta_libc_csr:ta_MIN.obj
 0001:00049590       TA_MININDEX                000000018004a590 f   ta_libc_csr:ta_MININDEX.obj
 0001:000497e0       TA_MINMAX                  000000018004a7e0 f   ta_libc_csr:ta_MINMAX.obj
 0001:00049b70       TA_MINMAXINDEX             000000018004ab70 f   ta_libc_csr:ta_MINMAXINDEX.obj
 0001:00049ed0       TA_MINUS_DI                000000018004aed0 f   ta_libc_csr:ta_MINUS_DI.obj
 0001:0004a460       TA_MINUS_DI_Lookback       000000018004b460 f   ta_libc_csr:ta_MINUS_DI.obj
 0001:0004a4b0       TA_MINUS_DM                000000018004b4b0 f   ta_libc_csr:ta_MINUS_DM.obj
 0001:0004a7f0       TA_MINUS_DM_Lookback       000000018004b7f0 f   ta_libc_csr:ta_MINUS_DM.obj
 0001:0004a830       TA_MOM                     000000018004b830 f   ta_libc_csr:ta_MOM.obj
 0001:0004aa10       TA_MOM_Lookback            000000018004ba10 f   ta_libc_csr:ta_MOM.obj
 0001:0004aa10       TA_ROCR100_Lookback        000000018004ba10 f   ta_libc_csr:ta_ROCR100.obj
 0001:0004aa10       TA_ROC_Lookback            000000018004ba10 f   ta_libc_csr:ta_ROC.obj
 0001:0004aa10       TA_ROCR_Lookback           000000018004ba10 f   ta_libc_csr:ta_ROCR.obj
 0001:0004aa10       TA_ROCP_Lookback           000000018004ba10 f   ta_libc_csr:ta_ROCP.obj
 0001:0004aa40       TA_MULT                    000000018004ba40 f   ta_libc_csr:ta_MULT.obj
 0001:0004abd0       TA_NATR                    000000018004bbd0 f   ta_libc_csr:ta_NATR.obj
 0001:0004af30       TA_NATR_Lookback           000000018004bf30 f   ta_libc_csr:ta_NATR.obj
 0001:0004af70       TA_OBV                     000000018004bf70 f   ta_libc_csr:ta_OBV.obj
 0001:0004b150       TA_PLUS_DI                 000000018004c150 f   ta_libc_csr:ta_PLUS_DI.obj
 0001:0004b6c0       TA_PLUS_DI_Lookback        000000018004c6c0 f   ta_libc_csr:ta_PLUS_DI.obj
 0001:0004b710       TA_PLUS_DM                 000000018004c710 f   ta_libc_csr:ta_PLUS_DM.obj
 0001:0004ba30       TA_PLUS_DM_Lookback        000000018004ca30 f   ta_libc_csr:ta_PLUS_DM.obj
 0001:0004ba70       TA_PPO                     000000018004ca70 f   ta_libc_csr:ta_PPO.obj
 0001:0004bc10       TA_ROC                     000000018004cc10 f   ta_libc_csr:ta_ROC.obj
 0001:0004be60       TA_ROCP                    000000018004ce60 f   ta_libc_csr:ta_ROCP.obj
 0001:0004c090       TA_ROCR                    000000018004d090 f   ta_libc_csr:ta_ROCR.obj
 0001:0004c2b0       TA_ROCR100                 000000018004d2b0 f   ta_libc_csr:ta_ROCR100.obj
 0001:0004c4f0       TA_RSI                     000000018004d4f0 f   ta_libc_csr:ta_RSI.obj
 0001:0004cb30       TA_RSI_Lookback            000000018004db30 f   ta_libc_csr:ta_RSI.obj
 0001:0004cb70       TA_SAR                     000000018004db70 f   ta_libc_csr:ta_SAR.obj
 0001:0004cf00       TA_SAR_Lookback            000000018004df00 f   ta_libc_csr:ta_SAR.obj
 0001:0004cf50       TA_SAREXT                  000000018004df50 f   ta_libc_csr:ta_SAREXT.obj
 0001:0004d590       TA_SAREXT_Lookback         000000018004e590 f   ta_libc_csr:ta_SAREXT.obj
 0001:0004d6a0       TA_SIN                     000000018004e6a0 f   ta_libc_csr:ta_SIN.obj
 0001:0004d790       TA_SINH                    000000018004e790 f   ta_libc_csr:ta_SINH.obj
 0001:0004d880       TA_INT_SMA                 000000018004e880 f   ta_libc_csr:ta_SMA.obj
 0001:0004d9c0       TA_SMA                     000000018004e9c0 f   ta_libc_csr:ta_SMA.obj
 0001:0004da10       TA_SQRT                    000000018004ea10 f   ta_libc_csr:ta_SQRT.obj
 0001:0004dbe0       TA_INT_stddev_using_precalc_ma 000000018004ebe0 f   ta_libc_csr:ta_STDDEV.obj
 0001:0004dd80       TA_STDDEV                  000000018004ed80 f   ta_libc_csr:ta_STDDEV.obj
 0001:0004df50       TA_STDDEV_Lookback         000000018004ef50 f   ta_libc_csr:ta_STDDEV.obj
 0001:0004dfb0       TA_STOCH                   000000018004efb0 f   ta_libc_csr:ta_STOCH.obj
 0001:0004e640       TA_STOCH_Lookback          000000018004f640 f   ta_libc_csr:ta_STOCH.obj
 0001:0004e730       TA_STOCHF                  000000018004f730 f   ta_libc_csr:ta_STOCHF.obj
 0001:0004ed20       TA_STOCHF_Lookback         000000018004fd20 f   ta_libc_csr:ta_STOCHF.obj
 0001:0004edb0       TA_STOCHRSI                000000018004fdb0 f   ta_libc_csr:ta_STOCHRSI.obj
 0001:0004f060       TA_STOCHRSI_Lookback       0000000180050060 f   ta_libc_csr:ta_STOCHRSI.obj
 0001:0004f110       TA_SUB                     0000000180050110 f   ta_libc_csr:ta_SUB.obj
 0001:0004f2a0       TA_SUM                     00000001800502a0 f   ta_libc_csr:ta_SUM.obj
 0001:0004f430       TA_T3                      0000000180050430 f   ta_libc_csr:ta_T3.obj
 0001:000504f0       TA_T3_Lookback             00000001800514f0 f   ta_libc_csr:ta_T3.obj
 0001:00050550       TA_TAN                     0000000180051550 f   ta_libc_csr:ta_TAN.obj
 0001:00050640       TA_TANH                    0000000180051640 f   ta_libc_csr:ta_TANH.obj
 0001:00050730       TA_TEMA                    0000000180051730 f   ta_libc_csr:ta_TEMA.obj
 0001:00050a70       TA_TEMA_Lookback           0000000180051a70 f   ta_libc_csr:ta_TEMA.obj
 0001:00050ab0       TA_TRANGE                  0000000180051ab0 f   ta_libc_csr:ta_TRANGE.obj
 0001:00050d90       TA_TRANGE_Lookback         0000000180051d90 f   ta_libc_csr:ta_TRANGE.obj
 0001:00050d90       DllMain                    0000000180051d90 f   LIBCMT:dll_dllmain_stub.obj
 0001:00050d90       _get_startup_argv_mode     0000000180051d90 f   LIBCMT:argv_mode.obj
 0001:00050da0       TA_TRIMA                   0000000180051da0 f   ta_libc_csr:ta_TRIMA.obj
 0001:00051540       TA_TRIX                    0000000180052540 f   ta_libc_csr:ta_TRIX.obj
 0001:00051820       TA_TRIX_Lookback           0000000180052820 f   ta_libc_csr:ta_TRIX.obj
[...]
 0004:000052d4       $pdata$__acrt_uninitialize_lowio 00000001800962d4     libucrt:ioinit.obj
 0004:000052e0       $pdata$__acrt_execute_initializers 00000001800962e0     libucrt:shared_initialization.obj
 0004:000052ec       $pdata$__acrt_execute_uninitializers 00000001800962ec     libucrt:shared_initialization.obj
 0004:000052f8       $pdata$__acrt_stdio_begin_temporary_buffering_nolock 00000001800962f8     libucrt:_sftbuf.obj
 0004:00005304       $pdata$__acrt_stdio_end_temporary_buffering_nolock 0000000180096304     libucrt:_sftbuf.obj
 0004:00005310       $pdata$isdigit             0000000180096310     libucrt:_ctype.obj
 0004:0000531c       $pdata$wcstol              000000018009631c     libucrt:strtox.obj
 0004:00005328       $pdata$_mbtowc_l           0000000180096328     libucrt:mbtowc.obj
 0004:00005334       $pdata$_wctomb_s_l         0000000180096334     libucrt:wctomb.obj
 0004:00005340       $pdata$wctomb_s            0000000180096340     libucrt:wctomb.obj
 0004:0000534c       $pdata$?fp_format_a@@YAHQEBNPEAD_KQEAD2H_NIQEAU__crt_locale_pointers@@@Z 000000018009634c     libucrt:cvt.obj
 0004:00005358       $pdata$?fp_format_e@@YAHQEBNQEAD_K12H_NIQEAU__crt_locale_pointers@@@Z 0000000180096358     libucrt:cvt.obj
 0004:00005364       $pdata$?fp_format_e_internal@@YAHQEAD_KH_NIQEAU_strflt@@2QEAU__crt_locale_pointers@@@Z 0000000180096364     libucrt:cvt.obj
 0004:00005370       $pdata$?fp_format_f_internal@@YAHQEAD_KHQEAU_strflt@@_NQEAU__crt_locale_pointers@@@Z 0000000180096370     libucrt:cvt.obj
 0004:0000537c       $pdata$?fp_format_g@@YAHQEBNQEAD_K12H_NIQEAU__crt_locale_pointers@@@Z 000000018009637c     libucrt:cvt.obj
 0004:00005388       $pdata$?fp_format_nan_or_infinity@@YAHW4__acrt_fp_class@@_NPEAD_K1@Z 0000000180096388     libucrt:cvt.obj
 0004:00005394       $pdata$__acrt_fp_format    0000000180096394     libucrt:cvt.obj
 0004:000053a0       $pdata$_fputwc_nolock      00000001800963a0     libucrt:fputwc.obj
 0004:000053ac       $pdata$_fileno             00000001800963ac     libucrt:fileno.obj
 0004:000053b8       $pdata$iswctype            00000001800963b8     libucrt:iswctype.obj
 0004:000053c4       $pdata$_fcloseall          00000001800963c4     libucrt:closeall.obj
 0004:000053d0       $pdata$__acrt_stdio_free_buffer_nolock 00000001800963d0     libucrt:_freebuf.obj
 0004:000053dc       $pdata$??$?RV<lambda_a37b2b86f63e897a80ea819b0eb08c01>@@AEAV<lambda_38ce7e780aa69e748d6df282ebc68efe>@@V<lambda_99fb1378e971ab6e7edea83e3a7a83a2>@@@?$__crt_seh_guarded_call@H@@QEAAH$$QEAV<lambda_a37b2b86f63e897a80ea819b0eb08c01>@@AEAV<lambda_38ce7e780aa69e748d6df282ebc68efe>@@$$QEAV<lambda_99fb1378e971ab6e7edea83e3a7a83a2>@@@Z 00000001800963dc     libucrt:commit.obj
 0004:000053e8       $pdata$_commit             00000001800963e8     libucrt:commit.obj
 0004:000053f4       $pdata$?write_double_translated_ansi_nolock@@YA?AUwrite_result@?A0x17268360@@HQEBDI@Z 00000001800963f4     libucrt:write.obj
 0004:00005400       $pdata$?write_text_ansi_nolock@@YA?AUwrite_result@?A0x17268360@@HQEBDI@Z 0000000180096400     libucrt:write.obj
 0004:0000540c       $pdata$?write_text_utf16le_nolock@@YA?AUwrite_result@?A0x17268360@@HQEBDI@Z 000000018009640c     libucrt:write.obj
 0004:00005418       $pdata$?write_text_utf8_nolock@@YA?AUwrite_result@?A0x17268360@@HQEBDI@Z 0000000180096418     libucrt:write.obj
 0004:00005424       $pdata$_write              0000000180096424     libucrt:write.obj
 0004:00005430       $pdata$_write_nolock       0000000180096430     libucrt:write.obj
 0004:0000543c       $pdata$__acrt_free_locale  000000018009643c     libucrt:locale_refcounting.obj
 0004:00005448       $pdata$__acrt_locale_free_lc_time_if_unreferenced 0000000180096448     libucrt:locale_refcounting.obj
 0004:00005454       $pdata$__acrt_release_locale_ref 0000000180096454     libucrt:locale_refcounting.obj
 0004:00005460       $pdata$__acrt_update_thread_locale_data 0000000180096460     libucrt:locale_refcounting.obj
 0004:0000546c       $pdata$_updatetlocinfoEx_nolock 000000018009646c     libucrt:locale_refcounting.obj
 0004:00005478       $pdata$__acrt_locale_free_monetary 0000000180096478     libucrt:initmon.obj
 0004:00005484       $pdata$__acrt_locale_free_numeric 0000000180096484     libucrt:initnum.obj
 0004:00005490       $pdata$?free_crt_array_internal@@YAXQEAPEBX_K@Z 0000000180096490     libucrt:inittime.obj
 0004:0000549c       $pdata$__acrt_locale_free_time 000000018009649c     libucrt:inittime.obj
 0004:000054a8       $pdata$__acrt_GetStringTypeA 00000001800964a8     libucrt:getstringtypea.obj
 0004:000054c0       $pdata$_raise_exc          00000001800964c0     libucrt:fpexcept.obj
 0004:000054cc       $pdata$_raise_exc_ex       00000001800964cc     libucrt:fpexcept.obj
 0004:000054d8       $pdata$_set_errno_from_matherr 00000001800964d8     libucrt:fpexcept.obj
 0004:000054e4       $pdata$qsort               00000001800964e4     libucrt:qsort.obj
 0004:000054f0       $pdata$4$qsort             00000001800964f0     libucrt:qsort.obj
 0004:000054fc       $pdata$5$qsort             00000001800964fc     libucrt:qsort.obj
 0004:00005508       $pdata$strncpy_s           0000000180096508     libucrt:strncpy_s.obj
 0004:00005514       $pdata$fallbackMethod      0000000180096514     libucrt:strpbrk.obj
 0004:00005520       $pdata$strpbrk             0000000180096520     libucrt:strpbrk.obj
 0004:0000552c       $pdata$_mbsdec_l           000000018009652c     libucrt:mbsdec.obj
 0004:00005538       $pdata$?initialize_multibyte@@YAHXZ 0000000180096538     libucrt:multibyte_initializer.obj
 0004:00005544       $pdata$_msize_base         0000000180096544     libucrt:msize.obj
 0004:00005550       $pdata$_realloc_base       0000000180096550     libucrt:realloc_base.obj
 0004:0000555c       $pdata$?GetTableIndexFromLocaleName@@YAHPEB_W@Z 000000018009655c     libucrt:lcidtoname_downlevel.obj
 0004:00005568       $pdata$__acrt_DownlevelLocaleNameToLCID 0000000180096568     libucrt:lcidtoname_downlevel.obj
 0004:00005574       $pdata$__acrt_lowio_create_handle_array 0000000180096574     libucrt:osfinfo.obj
 0004:00005580       $pdata$__acrt_lowio_destroy_handle_array 0000000180096580     libucrt:osfinfo.obj
 0004:0000558c       $pdata$__acrt_lowio_ensure_fh_exists 000000018009658c     libucrt:osfinfo.obj
 0004:00005598       $pdata$_free_osfhnd        0000000180096598     libucrt:osfinfo.obj
 0004:000055a4       $pdata$_get_osfhandle      00000001800965a4     libucrt:osfinfo.obj
 0004:000055b0       $pdata$_isatty             00000001800965b0     libucrt:isatty.obj
 0004:000055bc       $pdata$?__mbrtowc_utf8@__crt_mbstring@@YA_KPEA_WPEBD_KPEAU_Mbstatet@@@Z 00000001800965bc     libucrt:mbrtowc.obj
 0004:000055c8       $pdata$?__mbsrtowcs_utf8@__crt_mbstring@@YA_KPEA_WPEAPEBD_KPEAU_Mbstatet@@@Z 00000001800965c8     libucrt:mbrtowc.obj
 0004:000055d4       $pdata$?__c32rtomb_utf8@__crt_mbstring@@YA_KPEAD_UPEAU_Mbstatet@@@Z 00000001800965d4     libucrt:c32rtomb.obj
 0004:000055e0       $pdata$__acrt_fp_strflt_to_string 00000001800965e0     libucrt:_fptostr.obj
 0004:000055ec       $pdata$?divide@__crt_strtox@@YA_KAEAUbig_integer@1@AEBU21@@Z 00000001800965ec     libucrt:cfout.obj
 0004:000055f8       $pdata$0$?divide@__crt_strtox@@YA_KAEAUbig_integer@1@AEBU21@@Z 00000001800965f8     libucrt:cfout.obj
 0004:00005604       $pdata$1$?divide@__crt_strtox@@YA_KAEAUbig_integer@1@AEBU21@@Z 0000000180096604     libucrt:cfout.obj
 0004:00005610       $pdata$__acrt_fltout       0000000180096610     libucrt:cfout.obj
 0004:0000561c       $pdata$memcpy_s            000000018009661c     libucrt:cfout.obj
 0004:00005628       $pdata$??$write_buffer_nolock@D@@YA_NDV__crt_stdio_stream@@@Z 0000000180096628     libucrt:_flsbuf.obj
 0004:00005634       $pdata$??$write_buffer_nolock@_W@@YA_N_WV__crt_stdio_stream@@@Z 0000000180096634     libucrt:_flsbuf.obj
 0004:00005640       $pdata$?stream_is_at_end_of_file_nolock@@YA_NV__crt_stdio_stream@@@Z 0000000180096640     libucrt:_flsbuf.obj
 0004:0000564c       $pdata$__acrt_stdio_flush_and_write_narrow_nolock 000000018009664c     libucrt:_flsbuf.obj
 0004:00005658       $pdata$__acrt_stdio_flush_and_write_wide_nolock 0000000180096658     libucrt:_flsbuf.obj
 0004:00005664       $pdata$_fclose_nolock      0000000180096664     libucrt:fclose.obj
 0004:00005670       $pdata$fclose              0000000180096670     libucrt:fclose.obj
 0004:0000567c       $pdata$??$common_lseek@_J@@YA_JH_JH@Z 000000018009667c     libucrt:lseek.obj
 0004:00005688       $pdata$??$common_lseek_nolock@_J@@YA_JH_JH@Z 0000000180096688     libucrt:lseek.obj
 0004:00005694       $pdata$_putwch_nolock      0000000180096694     libucrt:putwch.obj
 0004:000056a0       $pdata$?__mbrtoc32_utf8@__crt_mbstring@@YA_KPEA_UPEBD_KPEAU_Mbstatet@@@Z 00000001800966a0     libucrt:mbrtoc32.obj
 0004:000056ac       $pdata$fegetenv            00000001800966ac     libucrt:fegetenv.obj
 0004:000056b8       $pdata$fesetenv            00000001800966b8     libucrt:fesetenv.obj
 0004:000056c4       $pdata$feholdexcept        00000001800966c4     libucrt:feholdexcept.obj
 0004:000056d0       $pdata$__acrt_stdio_allocate_buffer_nolock 00000001800966d0     libucrt:_getbuf.obj
 0004:000056dc       $pdata$??$?RV<lambda_751a882b2c74d4b022dec766aa51a29a>@@AEAV<lambda_628dfdc04ba53c8bfc02c9951375f3f5>@@V<lambda_f6c7be5f7998530c34de24c7437d6b54>@@@?$__crt_seh_guarded_call@H@@QEAAH$$QEAV<lambda_751a882b2c74d4b022dec766aa51a29a>@@AEAV<lambda_628dfdc04ba53c8bfc02c9951375f3f5>@@$$QEAV<lambda_f6c7be5f7998530c34de24c7437d6b54>@@@Z 00000001800966dc     libucrt:close.obj
 0004:000056e8       $pdata$_close              00000001800966e8     libucrt:close.obj
 0004:000056f4       $pdata$_close_nolock       00000001800966f4     libucrt:close.obj
 0004:00005700       $pdata$__dcrt_lowio_ensure_console_output_initialized 0000000180096700     libucrt:initcon.obj
 0004:0000570c       $pdata$__dcrt_terminate_console_output 000000018009670c     libucrt:initcon.obj
 0004:00005718       $pdata$__dcrt_write_console 0000000180096718     libucrt:initcon.obj
 0004:00005724       $pdata$__acrt_fenv_set_control 0000000180096724     libucrt:_fenvutils.obj
 0004:00005730       $pdata$_clearfp            0000000180096730     libucrt:ieee.obj
 0004:0000573c       $pdata$?DloadAcquireSectionWriteAccess@@YAXXZ 000000018009673c     DelayImp:delayhlp.obj
 0004:00005748       $pdata$?DloadGetSRWLockFunctionPointers@@YAEXZ 0000000180096748     DelayImp:delayhlp.obj
 0004:00005754       $pdata$?DloadMakePermanentImageCommit@@YAXPEAX_K@Z 0000000180096754     DelayImp:delayhlp.obj
 0004:00005760       $pdata$?DloadObtainSection@@YAPEAXPEAK0@Z 0000000180096760     DelayImp:delayhlp.obj
 0004:0000576c       $pdata$?DloadProtectSection@@YAXKPEAK@Z 000000018009676c     DelayImp:delayhlp.obj
 0004:00005778       $pdata$?DloadReleaseSectionWriteAccess@@YAXXZ 0000000180096778     DelayImp:delayhlp.obj
 0004:00005784       $pdata$__delayLoadHelper2  0000000180096784     DelayImp:delayhlp.obj
 0004:00005790       $pdata$_IsNonwritableInCurrentImage 0000000180096790     LIBCMT:pesect.obj
 0004:000057b4       $pdata$strrchr             00000001800967b4     libvcruntime:strrchr.obj
 0004:000057cc       $pdata$?fin$0@?0??dllmain_crt_process_attach@@YAHQEAUHINSTANCE__@@QEAX@Z@4HA 00000001800967cc     LIBCMT:dll_dllmain.obj
 0004:000057d8       $pdata$?fin$0@?0??dllmain_crt_process_detach@@YAH_N@Z@4HA 00000001800967d8     LIBCMT:dll_dllmain.obj
 0004:000057e4       $pdata$?filt$0@?0??dllmain_dispatch@@YAHQEAUHINSTANCE__@@KQEAX@Z@4HA 00000001800967e4     LIBCMT:dll_dllmain.obj
 0004:000057f0       $pdata$__scrt_is_nonwritable_in_current_image$filt$0 00000001800967f0     LIBCMT:utility.obj
 0004:000057fc       $pdata$__DestructExceptionObject$filt$0 00000001800967fc     libvcruntime:ehhelpers.obj
 0004:00005808       $pdata$_query_new_handler$fin$0 0000000180096808     libucrt:new_handler.obj
 0004:00005814       $pdata$?fin$0@?0???$?RV<lambda_d80eeec6fff315bfe5c115232f3240e3>@@AEAV<lambda_6e4b09c48022b2350581041d5f6b0c4c>@@V<lambda_2358e3775559c9db80273638284d5e45>@@@?$__crt_seh_guarded_call@X@@QEAAX$$QEAV<lambda_d80eeec6fff315bfe5c115232f3240e3>@@AEAV<lambda_6e4b09c48022b2350581041d5f6b0c4c>@@$$QEAV<lambda_2358e3775559c9db80273638284d5e45>@@@Z@4HA 0000000180096814     libucrt:exit.obj
 0004:00005814       $pdata$?fin$0@?0???$?RV<lambda_7777bce6b2f8c936911f934f8298dc43>@@AEAV<lambda_f03950bc5685219e0bcd2087efbe011e>@@V<lambda_3883c3dff614d5e0c5f61bb1ac94921c>@@@?$__crt_seh_guarded_call@H@@QEAAH$$QEAV<lambda_7777bce6b2f8c936911f934f8298dc43>@@AEAV<lambda_f03950bc5685219e0bcd2087efbe011e>@@$$QEAV<lambda_3883c3dff614d5e0c5f61bb1ac94921c>@@@Z@4HA 0000000180096814     libucrt:onexit.obj
 0004:00005814       $pdata$?fin$0@?0???$?RV<lambda_2d41944a1d46af3157314b8a01080d33>@@AEAV<lambda_8f455de75cd7d7f24b4096f044d8b9e6>@@V<lambda_aa500f224e6afead328df44964fe2772>@@@?$__crt_seh_guarded_call@X@@QEAAX$$QEAV<lambda_2d41944a1d46af3157314b8a01080d33>@@AEAV<lambda_8f455de75cd7d7f24b4096f044d8b9e6>@@$$QEAV<lambda_aa500f224e6afead328df44964fe2772>@@@Z@4HA 0000000180096814     libucrt:per_thread_data.obj
 0004:00005814       $pdata$?fin$0@?0???$?RV<lambda_efdfa57d1f175319df784efa44bb7b81>@@AEAV<lambda_5f0a4c1567f8adc6734073e5d1e1b35c>@@V<lambda_2e8a7d3640ea6ccb4c2413664c2db6fd>@@@?$__crt_seh_guarded_call@X@@QEAAX$$QEAV<lambda_efdfa57d1f175319df784efa44bb7b81>@@AEAV<lambda_5f0a4c1567f8adc6734073e5d1e1b35c>@@$$QEAV<lambda_2e8a7d3640ea6ccb4c2413664c2db6fd>@@@Z@4HA 0000000180096814     libucrt:mbctype.obj
 0004:00005814       $pdata$?fin$0@?0???$?RV<lambda_450d765d439847d4c735a33c368b5fc0>@@AEAV<lambda_44731a7d0e6d81c3e6aa82d741081786>@@V<lambda_601a2a7da3b7a96e9554ac7215c4b07c>@@@?$__crt_seh_guarded_call@P6AXH@Z@@QEAAP6AXH@Z$$QEAV<lambda_450d765d439847d4c735a33c368b5fc0>@@AEAV<lambda_44731a7d0e6d81c3e6aa82d741081786>@@$$QEAV<lambda_601a2a7da3b7a96e9554ac7215c4b07c>@@@Z@4HA 0000000180096814     libucrt:signal.obj
 0004:00005814       $pdata$?fin$0@?0???$?RV<lambda_0ae27a3a962d80f24befdcbee591983d>@@AEAV<lambda_8d0ee55de4b1038c4002e0adecdf1839>@@V<lambda_dc504788e8f1664fe9b84e20bfb512f2>@@@?$__crt_seh_guarded_call@X@@QEAAX$$QEAV<lambda_0ae27a3a962d80f24befdcbee591983d>@@AEAV<lambda_8d0ee55de4b1038c4002e0adecdf1839>@@$$QEAV<lambda_dc504788e8f1664fe9b84e20bfb512f2>@@@Z@4HA 0000000180096814     libucrt:per_thread_data.obj
 0004:00005814       $pdata$?fin$0@?0???$?RV<lambda_aa87e3671a710a21b5dc78c0bdf72e11>@@AEAV<lambda_92619d2358a28f41a33ba319515a20b9>@@V<lambda_6992ecaafeb10aed2b74cb1fae11a551>@@@?$__crt_seh_guarded_call@X@@QEAAX$$QEAV<lambda_aa87e3671a710a21b5dc78c0bdf72e11>@@AEAV<lambda_92619d2358a28f41a33ba319515a20b9>@@$$QEAV<lambda_6992ecaafeb10aed2b74cb1fae11a551>@@@Z@4HA 0000000180096814     libucrt:per_thread_data.obj
 0004:00005814       $pdata$?fin$0@?0???$?RV<lambda_f2e299630e499de9f9a165e60fcd3db5>@@AEAV<lambda_2ae9d31cdba2644fcbeaf08da7c24588>@@V<lambda_40d01ff24d0e7b3814fdbdcee8eab3c7>@@@?$__crt_seh_guarded_call@X@@QEAAX$$QEAV<lambda_f2e299630e499de9f9a165e60fcd3db5>@@AEAV<lambda_2ae9d31cdba2644fcbeaf08da7c24588>@@$$QEAV<lambda_40d01ff24d0e7b3814fdbdcee8eab3c7>@@@Z@4HA 0000000180096814     libucrt:per_thread_data.obj
 0004:00005820       $pdata$?filt$0@?0???R<lambda_6e4b09c48022b2350581041d5f6b0c4c>@@QEBA@XZ@4HA 0000000180096820     libucrt:exit.obj
 0004:0000582c       $pdata$?fin$0@?0???$?RV<lambda_c376a267cfb53b6959b3b692ec76b120>@@AEAV<lambda_9a32fed5bf61b6b509b2d3f6003082a1>@@V<lambda_572fbb9fa0ab338edf41edfd4b5fcc8d>@@@?$__crt_seh_guarded_call@H@@QEAAH$$QEAV<lambda_c376a267cfb53b6959b3b692ec76b120>@@AEAV<lambda_9a32fed5bf61b6b509b2d3f6003082a1>@@$$QEAV<lambda_572fbb9fa0ab338edf41edfd4b5fcc8d>@@@Z@4HA 000000018009682c     libucrt:fflush.obj
 0004:0000582c       $pdata$?fin$0@?0???$?RV<lambda_842d9ff0dc9ef11c61343bbaebe7f885>@@AEAV<lambda_c5860995281e5c4ce005b3de8f5874ee>@@V<lambda_d90129c13df834fdcbf8d2b88dafcf2d>@@@?$__crt_seh_guarded_call@X@@QEAAX$$QEAV<lambda_842d9ff0dc9ef11c61343bbaebe7f885>@@AEAV<lambda_c5860995281e5c4ce005b3de8f5874ee>@@$$QEAV<lambda_d90129c13df834fdcbf8d2b88dafcf2d>@@@Z@4HA 000000018009682c     libucrt:fflush.obj
 0004:0000582c       $pdata$?fin$0@?0???$?RV<lambda_0d412022a4b28cc8a401ea49574e8ae6>@@AEAV<lambda_a775ed57af18ba8e4d5dc780aa9068fe>@@V<lambda_975a71a6baa488a08f4e15f6b0339b9e>@@@?$__crt_seh_guarded_call@H@@QEAAH$$QEAV<lambda_0d412022a4b28cc8a401ea49574e8ae6>@@AEAV<lambda_a775ed57af18ba8e4d5dc780aa9068fe>@@$$QEAV<lambda_975a71a6baa488a08f4e15f6b0339b9e>@@@Z@4HA 000000018009682c     libucrt:output.obj
 0004:0000582c       $pdata$?fin$0@?0???$?RV<lambda_84ec643ea9557e2f7dc01bb0e9624395>@@AEAV<lambda_ca71763b3c0644891230e4f79ea54fa6>@@V<lambda_439a761618c59b0600e24586724d733b>@@@?$__crt_seh_guarded_call@H@@QEAAH$$QEAV<lambda_84ec643ea9557e2f7dc01bb0e9624395>@@AEAV<lambda_ca71763b3c0644891230e4f79ea54fa6>@@$$QEAV<lambda_439a761618c59b0600e24586724d733b>@@@Z@4HA 000000018009682c     libucrt:setvbuf.obj
 0004:00005838       $pdata$?fin$0@?0???$?RV<lambda_886d6c58226a84441f68b9f2b8217b83>@@AEAV<lambda_ab61a845afdef5b7c387490eaf3616ee>@@V<lambda_f7f22ab5edc0698d5f6905b0d3f44752>@@@?$__crt_seh_guarded_call@X@@QEAAX$$QEAV<lambda_886d6c58226a84441f68b9f2b8217b83>@@AEAV<lambda_ab61a845afdef5b7c387490eaf3616ee>@@$$QEAV<lambda_f7f22ab5edc0698d5f6905b0d3f44752>@@@Z@4HA 0000000180096838     libucrt:fflush.obj
 0004:00005844       $pdata$raise$fin$0         0000000180096844     libucrt:signal.obj
 0004:00005850       $pdata$?fin$0@?0???$?RV<lambda_410d79af7f07d98d83a3f525b3859a53>@@AEAV<lambda_3e16ef9562a7dcce91392c22ab16ea36>@@V<lambda_38119f0e861e05405d8a144b9b982f0a>@@@?$__crt_seh_guarded_call@X@@QEAAX$$QEAV<lambda_410d79af7f07d98d83a3f525b3859a53>@@AEAV<lambda_3e16ef9562a7dcce91392c22ab16ea36>@@$$QEAV<lambda_38119f0e861e05405d8a144b9b982f0a>@@@Z@4HA 0000000180096850     libucrt:wsetlocale.obj
 0004:0000585c       $pdata$_ctrlfp$filt$0      000000018009685c     libucrt:fpctrl.obj
 0004:00005868       $pdata$?fin$0@?0??update_thread_multibyte_data_internal@@YAPEAU__crt_multibyte_data@@QEAU__acrt_ptd@@QEAPEAU1@@Z@4HA 0000000180096868     libucrt:mbctype.obj
 0004:00005874       $pdata$__acrt_initialize_lowio$fin$0 0000000180096874     libucrt:ioinit.obj
 0004:00005874       $pdata$__acrt_lowio_ensure_fh_exists$fin$0 0000000180096874     libucrt:osfinfo.obj
 0004:00005880       $pdata$_fcloseall$fin$0    0000000180096880     libucrt:closeall.obj
 0004:0000588c       $pdata$?fin$0@?0???$?RV<lambda_751a882b2c74d4b022dec766aa51a29a>@@AEAV<lambda_628dfdc04ba53c8bfc02c9951375f3f5>@@V<lambda_f6c7be5f7998530c34de24c7437d6b54>@@@?$__crt_seh_guarded_call@H@@QEAAH$$QEAV<lambda_751a882b2c74d4b022dec766aa51a29a>@@AEAV<lambda_628dfdc04ba53c8bfc02c9951375f3f5>@@$$QEAV<lambda_f6c7be5f7998530c34de24c7437d6b54>@@@Z@4HA 000000018009688c     libucrt:close.obj
 0004:0000588c       $pdata$?fin$0@?0???$?RV<lambda_a37b2b86f63e897a80ea819b0eb08c01>@@AEAV<lambda_38ce7e780aa69e748d6df282ebc68efe>@@V<lambda_99fb1378e971ab6e7edea83e3a7a83a2>@@@?$__crt_seh_guarded_call@H@@QEAAH$$QEAV<lambda_a37b2b86f63e897a80ea819b0eb08c01>@@AEAV<lambda_38ce7e780aa69e748d6df282ebc68efe>@@$$QEAV<lambda_99fb1378e971ab6e7edea83e3a7a83a2>@@@Z@4HA 000000018009688c     libucrt:commit.obj
 0004:00005898       $pdata$?fin$0@?0???$common_lseek@_J@@YA_JH_JH@Z@4HA 0000000180096898     libucrt:lseek.obj
 0004:00005898       $pdata$_write$fin$0        0000000180096898     libucrt:write.obj
 0004:000058a4       $pdata$__acrt_update_thread_locale_data$fin$0 00000001800968a4     libucrt:locale_refcounting.obj
 0004:000058b0       $pdata$fclose$fin$0        00000001800968b0     libucrt:fclose.obj
 0004:000058bc       $pdata$_IsNonwritableInCurrentImage$filt$0 00000001800968bc     LIBCMT:pesect.obj
 0005:00000060       $R000000                   0000000180097060     * linker generated manifest res *

 Exports

  ordinal    name

        1    _register_talib_
        2    node_register_module_v64
